Defaulting to user installation because normal site-packages is not writeable
Requirement already satisfied: pip in /usr/lib/python3/dist-packages (24.0)
Collecting pip
  Downloading pip-26.2.1-py3-none-any.whl.metadata (4.6 kB)
Downloading pip-26.2.1-py3-none-any.whl (1.8 MB)
   ━━━━━━━━━━━━━━━━━━━━━━━━━━━━━━━━━━━━━━━━ 1.8/1.8 MB 14.4 MB/s eta 0:00:00
Installing collected packages: pip
Successfully installed pip-26.2.1
Defaulting to user installation because normal site-packages is not writeable
Collecting agentdebugx==0.5.2
  Downloading agentdebugx-0.5.2-py3-none-any.whl.metadata (30 kB)
Collecting httpx<1.0,>=0.24 (from agentdebugx==0.5.2)
  Downloading httpx-0.28.1-py3-none-any.whl.metadata (7.1 kB)
Collecting pydantic<3.0,>=1.10 (from agentdebugx==0.5.2)
  Downloading pydantic-2.13.5-py3-none-any.whl.metadata (110 kB)
Collecting anyio (from httpx<1.0,>=0.24->agentdebugx==0.5.2)
  Downloading anyio-4.15.1-py3-none-any.whl.metadata (4.7 kB)
Requirement already satisfied: certifi in /usr/lib/python3/dist-packages (from httpx<1.0,>=0.24->agentdebugx==0.5.2) (2023.11.17)
Collecting httpcore==1.* (from httpx<1.0,>=0.24->agentdebugx==0.5.2)
  Downloading httpcore-1.0.9-py3-none-any.whl.metadata (21 kB)
Requirement already satisfied: idna in /usr/lib/python3/dist-packages (from httpx<1.0,>=0.24->agentdebugx==0.5.2) (3.6)
Collecting h11>=0.16 (from httpcore==1.*->httpx<1.0,>=0.24->agentdebugx==0.5.2)
  Downloading h11-0.16.0-py3-none-any.whl.metadata (8.3 kB)
Collecting annotated-types>=0.6.0 (from pydantic<3.0,>=1.10->agentdebugx==0.5.2)
  Downloading annotated_types-0.8.0-py3-none-any.whl.metadata (15 kB)
Collecting pydantic-core==2.46.5 (from pydantic<3.0,>=1.10->agentdebugx==0.5.2)
  Downloading pydantic_core-2.46.5-cp312-cp312-manylinux_2_17_x86_64.manylinux2014_x86_64.whl.metadata (6.6 kB)
Collecting typing-extensions>=4.14.1 (from pydantic<3.0,>=1.10->agentdebugx==0.5.2)
  Downloading typing_extensions-4.16.0-py3-none-any.whl.metadata (3.3 kB)
Collecting typing-inspection>=0.4.2 (from pydantic<3.0,>=1.10->agentdebugx==0.5.2)
  Downloading typing_inspection-0.4.4-py3-none-any.whl.metadata (2.6 kB)
Downloading agentdebugx-0.5.2-py3-none-any.whl (735 kB)
   ━━━━━━━━━━━━━━━━━━━━━━━━━━━━━━━━━━━━━━━━ 735.4/735.4 kB 1.5 MB/s  0:00:00
Downloading httpx-0.28.1-py3-none-any.whl (73 kB)
Downloading httpcore-1.0.9-py3-none-any.whl (78 kB)
Downloading pydantic-2.13.5-py3-none-any.whl (472 kB)
Downloading pydantic_core-2.46.5-cp312-cp312-manylinux_2_17_x86_64.manylinux2014_x86_64.whl (2.1 MB)
   ━━━━━━━━━━━━━━━━━━━━━━━━━━━━━━━━━━━━━━━━ 2.1/2.1 MB 9.8 MB/s  0:00:00
Downloading annotated_types-0.8.0-py3-none-any.whl (13 kB)
Downloading h11-0.16.0-py3-none-any.whl (37 kB)
Downloading typing_extensions-4.16.0-py3-none-any.whl (45 kB)
Downloading typing_inspection-0.4.4-py3-none-any.whl (14 kB)
Downloading anyio-4.15.1-py3-none-any.whl (132 kB)
Installing collected packages: typing-extensions, h11, annotated-types, typing-inspection, pydantic-core, httpcore, anyio, pydantic, httpx, agentdebugx

Successfully installed agentdebugx-0.5.2 annotated-types-0.8.0 anyio-4.15.1 h11-0.16.0 httpcore-1.0.9 httpx-0.28.1 pydantic-2.13.5 pydantic-core-2.46.5 typing-extensions-4.16.0 typing-inspection-0.4.4
{
  "schema": "PROJECT_BRAIN_AGENTDEBUGX_REAL_SPENT_RESULT_V1",
  "status": "MEASUREMENT_ONLY__REAL_SPENT_BRAIN_TRAJECTORIES__ZERO_CAPABILITY_CREDIT",
  "package": "agentdebugx",
  "version": "0.5.2",
  "mode": "DiagnosePipeline.local_default",
  "cases": 3,
  "root_step_accuracy": 1.0,
  "primary_mode_accuracy": 1.0,
  "attribution_consistency": 1.0,
  "wrong_root_cases": [],
  "wrong_mode_cases": [],
  "rows": [
    {
      "id": "gsea_carrier_prestart_failure",
      "expected_root_step": 3,
      "observed_root_step": 3,
      "expected_primary_mode": "system.tool_execution_error",
      "observed_primary_mode": "system.tool_execution_error",
      "attribution_step": 3,
      "root_step_correct": true,
      "primary_mode_correct": true,
      "attribution_consistent": true,
      "ground_truth": "Canonical receipt records prior attempt exit 127 caused by OCI_CHDIR_TO_/app_FAILED_BEFORE_VERIFIER_PROCESS_START.",
      "summary": "Likely root cause: Tool execution error in runner at step 3."
    },
    {
      "id": "rank5_solution_exposure_contamination",
      "expected_root_step": 3,
      "observed_root_step": 3,
      "expected_primary_mode": "planning.constraint_ignorance",
      "observed_primary_mode": "planning.constraint_ignorance",
      "attribution_step": 3,
      "root_step_correct": true,
      "primary_mode_correct": true,
      "attribution_consistent": true,
      "ground_truth": "Canonical contamination receipt states operator retrieval exposed solution_explanation and verification_explanation; promotion credit revoked.",
      "summary": "Likely root cause: Constraint ignorance in operator at step 3."
    },
    {
      "id": "wal_verified_clean_success",
      "expected_root_step": null,
      "observed_root_step": null,
      "expected_primary_mode": null,
      "observed_primary_mode": null,
      "attribution_step": null,
      "root_step_correct": true,
      "primary_mode_correct": true,
      "attribution_consistent": true,
      "ground_truth": "Canonical WAL receipt records reward 1, verifier exit 0, structural/performance/determinism gates passed.",
      "summary": "No failure was detected."
    }
  ],
  "capability_credit_delta": 0
}
