Defaulting to user installation because normal site-packages is not writeable
Requirement already satisfied: pip in /usr/lib/python3/dist-packages (24.0)
Collecting pip
  Downloading pip-26.2.1-py3-none-any.whl.metadata (4.6 kB)
Downloading pip-26.2.1-py3-none-any.whl (1.8 MB)
   ━━━━━━━━━━━━━━━━━━━━━━━━━━━━━━━━━━━━━━━━ 1.8/1.8 MB 24.4 MB/s eta 0:00:00
Installing collected packages: pip
Successfully installed pip-26.2.1
Defaulting to user installation because normal site-packages is not writeable
Collecting sentence-transformers
  Downloading sentence_transformers-6.1.0-py3-none-any.whl.metadata (20 kB)
Collecting transformers<6.0.0,>=5.0.0 (from sentence-transformers)
  Downloading transformers-5.18.0-py3-none-any.whl.metadata (32 kB)
Collecting tokenizers>=0.19 (from sentence-transformers)
  Downloading tokenizers-0.23.2-cp310-abi3-manylinux_2_17_x86_64.manylinux2014_x86_64.whl.metadata (9.8 kB)
Collecting huggingface-hub<2.0.0,>=1.3.0 (from sentence-transformers)
  Downloading huggingface_hub-1.33.0-py3-none-any.whl.metadata (16 kB)
Collecting torch>=2.2 (from sentence-transformers)
  Downloading torch-2.14.1-cp312-cp312-manylinux_2_28_x86_64.whl.metadata (37 kB)
Collecting numpy>=1.24.0 (from sentence-transformers)
  Downloading numpy-2.5.3-cp312-cp312-manylinux_2_27_x86_64.manylinux_2_28_x86_64.whl.metadata (6.6 kB)
Collecting scikit-learn>=1.1.0 (from sentence-transformers)
  Downloading scikit_learn-1.9.1-cp312-cp312-manylinux_2_27_x86_64.manylinux_2_28_x86_64.whl.metadata (9.3 kB)
Collecting scipy>=1.0.0 (from sentence-transformers)
  Downloading scipy-1.18.1-cp312-cp312-manylinux_2_27_x86_64.manylinux_2_28_x86_64.whl.metadata (62 kB)
Requirement already satisfied: typing_extensions>=4.10.0 in /usr/lib/python3/dist-packages (from sentence-transformers) (4.10.0)
Collecting tqdm>=4.0.0 (from sentence-transformers)
  Downloading tqdm-4.70.1-py3-none-any.whl.metadata (57 kB)
Collecting click<9.0.0,>=8.4.2 (from huggingface-hub<2.0.0,>=1.3.0->sentence-transformers)
  Downloading click-8.5.0-py3-none-any.whl.metadata (2.6 kB)
Requirement already satisfied: filelock>=3.10.0 in /usr/local/lib/python3.12/dist-packages (from huggingface-hub<2.0.0,>=1.3.0->sentence-transformers) (4.0.1)
Collecting fsspec>=2023.5.0 (from huggingface-hub<2.0.0,>=1.3.0->sentence-transformers)
  Downloading fsspec-2026.9.0-py3-none-any.whl.metadata (10 kB)
Collecting hf-xet<2.0.0,>=1.6.0 (from huggingface-hub<2.0.0,>=1.3.0->sentence-transformers)
  Downloading hf_xet-1.6.0-cp38-abi3-manylinux2014_x86_64.manylinux_2_17_x86_64.whl.metadata (4.9 kB)
Collecting httpx<1,>=0.23.0 (from huggingface-hub<2.0.0,>=1.3.0->sentence-transformers)
  Downloading httpx-0.28.1-py3-none-any.whl.metadata (7.1 kB)
Requirement already satisfied: packaging>=20.9 in /usr/lib/python3/dist-packages (from huggingface-hub<2.0.0,>=1.3.0->sentence-transformers) (24.0)
Requirement already satisfied: pyyaml>=5.1 in /usr/lib/python3/dist-packages (from huggingface-hub<2.0.0,>=1.3.0->sentence-transformers) (6.0.1)
Collecting anyio (from httpx<1,>=0.23.0->huggingface-hub<2.0.0,>=1.3.0->sentence-transformers)
  Downloading anyio-4.15.1-py3-none-any.whl.metadata (4.7 kB)
Requirement already satisfied: certifi in /usr/lib/python3/dist-packages (from httpx<1,>=0.23.0->huggingface-hub<2.0.0,>=1.3.0->sentence-transformers) (2023.11.17)
Collecting httpcore==1.* (from httpx<1,>=0.23.0->huggingface-hub<2.0.0,>=1.3.0->sentence-transformers)
  Downloading httpcore-1.0.9-py3-none-any.whl.metadata (21 kB)
Requirement already satisfied: idna in /usr/lib/python3/dist-packages (from httpx<1,>=0.23.0->huggingface-hub<2.0.0,>=1.3.0->sentence-transformers) (3.6)
Collecting h11>=0.16 (from httpcore==1.*->httpx<1,>=0.23.0->huggingface-hub<2.0.0,>=1.3.0->sentence-transformers)
  Downloading h11-0.16.0-py3-none-any.whl.metadata (8.3 kB)
Collecting regex>=2025.10.22 (from transformers<6.0.0,>=5.0.0->sentence-transformers)
  Downloading regex-2026.9.29-cp312-cp312-manylinux2014_x86_64.manylinux_2_17_x86_64.manylinux_2_28_x86_64.whl.metadata (40 kB)
Collecting typer (from transformers<6.0.0,>=5.0.0->sentence-transformers)
  Downloading typer-0.27.2-py3-none-any.whl.metadata (16 kB)
Collecting safetensors>=0.8.0 (from transformers<6.0.0,>=5.0.0->sentence-transformers)
  Downloading safetensors-0.8.0-cp310-abi3-manylinux_2_17_x86_64.manylinux2014_x86_64.whl.metadata (4.2 kB)
Collecting joblib>=1.4.0 (from scikit-learn>=1.1.0->sentence-transformers)
  Downloading joblib-1.6.0-py3-none-any.whl.metadata (6.5 kB)
Collecting narwhals>=2.0.1 (from scikit-learn>=1.1.0->sentence-transformers)
  Downloading narwhals-2.26.0-py3-none-any.whl.metadata (15 kB)
Collecting threadpoolctl>=3.5.0 (from scikit-learn>=1.1.0->sentence-transformers)
  Downloading threadpoolctl-3.7.0-py3-none-any.whl.metadata (24 kB)
Collecting cloudpickle>=3.0 (from joblib>=1.4.0->scikit-learn>=1.1.0->sentence-transformers)
  Downloading cloudpickle-3.1.2-py3-none-any.whl.metadata (7.1 kB)
Collecting setuptools>=77.0.3 (from torch>=2.2->sentence-transformers)
  Downloading setuptools-84.0.0-py3-none-any.whl.metadata (6.6 kB)
Collecting sympy>=1.13.3 (from torch>=2.2->sentence-transformers)
  Downloading sympy-1.14.0-py3-none-any.whl.metadata (12 kB)
Collecting networkx>=2.5.1 (from torch>=2.2->sentence-transformers)
  Downloading networkx-3.7-py3-none-any.whl.metadata (6.7 kB)
Requirement already satisfied: jinja2 in /usr/lib/python3/dist-packages (from torch>=2.2->sentence-transformers) (3.1.2)
Collecting cuda-toolkit==13.0.3 (from cuda-toolkit[cublas,cudart,cufft,cufile,cupti,curand,cusolver,cusparse,nvjitlink,nvrtc,nvtx]==13.0.3; platform_system == "Linux"->torch>=2.2->sentence-transformers)
  Downloading cuda_toolkit-13.0.3.0-py2.py3-none-any.whl.metadata (17 kB)
Collecting cuda-bindings<14,>=13.0.3 (from torch>=2.2->sentence-transformers)
  Downloading cuda_bindings-13.4.3-cp312-cp312-manylinux_2_24_x86_64.manylinux_2_28_x86_64.whl.metadata (2.4 kB)
Collecting nvidia-cudnn-cu13==9.24.0.43 (from torch>=2.2->sentence-transformers)
  Downloading nvidia_cudnn_cu13-9.24.0.43-py3-none-manylinux_2_27_x86_64.whl.metadata (1.9 kB)
Collecting nvidia-cusparselt-cu13==0.8.1 (from torch>=2.2->sentence-transformers)
  Downloading nvidia_cusparselt_cu13-0.8.1-py3-none-manylinux2014_x86_64.whl.metadata (12 kB)
Collecting nvidia-nccl-cu13==2.30.7 (from torch>=2.2->sentence-transformers)
  Downloading nvidia_nccl_cu13-2.30.7-py3-none-manylinux_2_18_x86_64.whl.metadata (2.1 kB)
Collecting nvidia-nvshmem-cu13==3.4.5 (from torch>=2.2->sentence-transformers)
  Downloading nvidia_nvshmem_cu13-3.4.5-py3-none-manylinux2014_x86_64.manylinux_2_17_x86_64.whl.metadata (2.1 kB)
Collecting triton~=3.8.0 (from torch>=2.2->sentence-transformers)
  Downloading triton-3.8.0-cp312-cp312-manylinux_2_27_x86_64.manylinux_2_28_x86_64.whl.metadata (978 bytes)
Collecting nvidia-cublas==13.1.1.3.* (from cuda-toolkit[cublas,cudart,cufft,cufile,cupti,curand,cusolver,cusparse,nvjitlink,nvrtc,nvtx]==13.0.3; platform_system == "Linux"->torch>=2.2->sentence-transformers)
  Downloading nvidia_cublas-13.1.1.3-py3-none-manylinux_2_27_x86_64.whl.metadata (1.8 kB)
Collecting nvidia-cuda-nvrtc==13.0.88.* (from cuda-toolkit[cublas,cudart,cufft,cufile,cupti,curand,cusolver,cusparse,nvjitlink,nvrtc,nvtx]==13.0.3; platform_system == "Linux"->torch>=2.2->sentence-transformers)
  Downloading nvidia_cuda_nvrtc-13.0.88-py3-none-manylinux2010_x86_64.manylinux_2_12_x86_64.whl.metadata (1.7 kB)
Collecting nvidia-cuda-runtime==13.0.96.* (from cuda-toolkit[cublas,cudart,cufft,cufile,cupti,curand,cusolver,cusparse,nvjitlink,nvrtc,nvtx]==13.0.3; platform_system == "Linux"->torch>=2.2->sentence-transformers)
  Downloading nvidia_cuda_runtime-13.0.96-py3-none-manylinux2014_x86_64.manylinux_2_17_x86_64.whl.metadata (1.7 kB)
Collecting nvidia-cufft==12.0.0.61.* (from cuda-toolkit[cublas,cudart,cufft,cufile,cupti,curand,cusolver,cusparse,nvjitlink,nvrtc,nvtx]==13.0.3; platform_system == "Linux"->torch>=2.2->sentence-transformers)
  Downloading nvidia_cufft-12.0.0.61-py3-none-manylinux2014_x86_64.manylinux_2_17_x86_64.whl.metadata (1.8 kB)
Collecting nvidia-nvjitlink<14,>=13.0.88 (from cuda-toolkit[cublas,cudart,cufft,cufile,cupti,curand,cusolver,cusparse,nvjitlink,nvrtc,nvtx]==13.0.3; platform_system == "Linux"->torch>=2.2->sentence-transformers)
  Downloading nvidia_nvjitlink-13.4.92-py3-none-manylinux2010_x86_64.manylinux_2_12_x86_64.whl.metadata (1.8 kB)
Collecting nvidia-cufile==1.15.1.6.* (from cuda-toolkit[cublas,cudart,cufft,cufile,cupti,curand,cusolver,cusparse,nvjitlink,nvrtc,nvtx]==13.0.3; platform_system == "Linux"->torch>=2.2->sentence-transformers)
  Downloading nvidia_cufile-1.15.1.6-py3-none-manylinux2014_x86_64.manylinux_2_17_x86_64.whl.metadata (1.7 kB)
Collecting nvidia-cuda-cupti==13.0.85.* (from cuda-toolkit[cublas,cudart,cufft,cufile,cupti,curand,cusolver,cusparse,nvjitlink,nvrtc,nvtx]==13.0.3; platform_system == "Linux"->torch>=2.2->sentence-transformers)
  Downloading nvidia_cuda_cupti-13.0.85-py3-none-manylinux_2_25_x86_64.whl.metadata (1.7 kB)
Collecting nvidia-curand==10.4.0.35.* (from cuda-toolkit[cublas,cudart,cufft,cufile,cupti,curand,cusolver,cusparse,nvjitlink,nvrtc,nvtx]==13.0.3; platform_system == "Linux"->torch>=2.2->sentence-transformers)
  Downloading nvidia_curand-10.4.0.35-py3-none-manylinux_2_27_x86_64.whl.metadata (1.7 kB)
Collecting nvidia-cusolver==12.0.4.66.* (from cuda-toolkit[cublas,cudart,cufft,cufile,cupti,curand,cusolver,cusparse,nvjitlink,nvrtc,nvtx]==13.0.3; platform_system == "Linux"->torch>=2.2->sentence-transformers)
  Downloading nvidia_cusolver-12.0.4.66-py3-none-manylinux_2_27_x86_64.whl.metadata (1.8 kB)
Collecting nvidia-cusparse==12.6.3.3.* (from cuda-toolkit[cublas,cudart,cufft,cufile,cupti,curand,cusolver,cusparse,nvjitlink,nvrtc,nvtx]==13.0.3; platform_system == "Linux"->torch>=2.2->sentence-transformers)
  Downloading nvidia_cusparse-12.6.3.3-py3-none-manylinux2014_x86_64.manylinux_2_17_x86_64.whl.metadata (1.8 kB)
Collecting nvidia-nvtx==13.0.85.* (from cuda-toolkit[cublas,cudart,cufft,cufile,cupti,curand,cusolver,cusparse,nvjitlink,nvrtc,nvtx]==13.0.3; platform_system == "Linux"->torch>=2.2->sentence-transformers)
  Downloading nvidia_nvtx-13.0.85-py3-none-manylinux1_x86_64.manylinux_2_5_x86_64.whl.metadata (1.8 kB)
Collecting cuda-pathfinder>=1.4.2 (from cuda-bindings<14,>=13.0.3->torch>=2.2->sentence-transformers)
  Downloading cuda_pathfinder-1.8.2-py3-none-any.whl.metadata (1.9 kB)
Collecting mpmath<1.4,>=1.1.0 (from sympy>=1.13.3->torch>=2.2->sentence-transformers)
  Downloading mpmath-1.3.0-py3-none-any.whl.metadata (8.6 kB)
Collecting typing_extensions>=4.10.0 (from sentence-transformers)
  Downloading typing_extensions-4.16.0-py3-none-any.whl.metadata (3.3 kB)
Collecting shellingham>=1.3.0 (from typer->transformers<6.0.0,>=5.0.0->sentence-transformers)
  Downloading shellingham-1.5.4-py2.py3-none-any.whl.metadata (3.5 kB)
Collecting rich>=13.8.0 (from typer->transformers<6.0.0,>=5.0.0->sentence-transformers)
  Downloading rich-15.0.0-py3-none-any.whl.metadata (18 kB)
Collecting annotated-doc>=0.0.2 (from typer->transformers<6.0.0,>=5.0.0->sentence-transformers)
  Downloading annotated_doc-0.0.5-py3-none-any.whl.metadata (6.5 kB)
Requirement already satisfied: markdown-it-py>=2.2.0 in /usr/lib/python3/dist-packages (from rich>=13.8.0->typer->transformers<6.0.0,>=5.0.0->sentence-transformers) (3.0.0)
Requirement already satisfied: pygments<3.0.0,>=2.13.0 in /usr/lib/python3/dist-packages (from rich>=13.8.0->typer->transformers<6.0.0,>=5.0.0->sentence-transformers) (2.17.2)
Requirement already satisfied: mdurl~=0.1 in /usr/lib/python3/dist-packages (from markdown-it-py>=2.2.0->rich>=13.8.0->typer->transformers<6.0.0,>=5.0.0->sentence-transformers) (0.1.2)
Downloading sentence_transformers-6.1.0-py3-none-any.whl (740 kB)
   ━━━━━━━━━━━━━━━━━━━━━━━━━━━━━━━━━━━━━━━━ 740.6/740.6 kB 26.0 MB/s  0:00:00
Downloading huggingface_hub-1.33.0-py3-none-any.whl (846 kB)
   ━━━━━━━━━━━━━━━━━━━━━━━━━━━━━━━━━━━━━━━━ 846.4/846.4 kB 48.1 MB/s  0:00:00
Downloading click-8.5.0-py3-none-any.whl (125 kB)
Downloading hf_xet-1.6.0-cp38-abi3-manylinux2014_x86_64.manylinux_2_17_x86_64.whl (4.5 MB)
   ━━━━━━━━━━━━━━━━━━━━━━━━━━━━━━━━━━━━━━━━ 4.5/4.5 MB 86.9 MB/s  0:00:00
Downloading httpx-0.28.1-py3-none-any.whl (73 kB)
Downloading httpcore-1.0.9-py3-none-any.whl (78 kB)
Downloading transformers-5.18.0-py3-none-any.whl (12.6 MB)
   ━━━━━━━━━━━━━━━━━━━━━━━━━━━━━━━━━━━━━━━━ 12.6/12.6 MB 128.1 MB/s  0:00:00
Downloading tokenizers-0.23.2-cp310-abi3-manylinux_2_17_x86_64.manylinux2014_x86_64.whl (3.4 MB)
   ━━━━━━━━━━━━━━━━━━━━━━━━━━━━━━━━━━━━━━━━ 3.4/3.4 MB 198.2 MB/s  0:00:00
Downloading fsspec-2026.9.0-py3-none-any.whl (221 kB)
Downloading h11-0.16.0-py3-none-any.whl (37 kB)
Downloading numpy-2.5.3-cp312-cp312-manylinux_2_27_x86_64.manylinux_2_28_x86_64.whl (16.7 MB)
   ━━━━━━━━━━━━━━━━━━━━━━━━━━━━━━━━━━━━━━━━ 16.7/16.7 MB 138.0 MB/s  0:00:00
Downloading regex-2026.9.29-cp312-cp312-manylinux2014_x86_64.manylinux_2_17_x86_64.manylinux_2_28_x86_64.whl (807 kB)
   ━━━━━━━━━━━━━━━━━━━━━━━━━━━━━━━━━━━━━━━━ 807.8/807.8 kB 168.0 MB/s  0:00:00
Downloading safetensors-0.8.0-cp310-abi3-manylinux_2_17_x86_64.manylinux2014_x86_64.whl (516 kB)
Downloading scikit_learn-1.9.1-cp312-cp312-manylinux_2_27_x86_64.manylinux_2_28_x86_64.whl (9.2 MB)
   ━━━━━━━━━━━━━━━━━━━━━━━━━━━━━━━━━━━━━━━━ 9.2/9.2 MB 27.0 MB/s  0:00:00
Downloading joblib-1.6.0-py3-none-any.whl (306 kB)
Downloading cloudpickle-3.1.2-py3-none-any.whl (22 kB)
Downloading narwhals-2.26.0-py3-none-any.whl (474 kB)
Downloading scipy-1.18.1-cp312-cp312-manylinux_2_27_x86_64.manylinux_2_28_x86_64.whl (35.3 MB)
   ━━━━━━━━━━━━━━━━━━━━━━━━━━━━━━━━━━━━━━━━ 35.3/35.3 MB 124.7 MB/s  0:00:00
Downloading threadpoolctl-3.7.0-py3-none-any.whl (26 kB)
Downloading torch-2.14.1-cp312-cp312-manylinux_2_28_x86_64.whl (554.6 MB)
   ━━━━━━━━━━━━━━━━━━━━━━━━━━━━━━━━━━━━━━━━ 554.6/554.6 MB 43.8 MB/s  0:00:06
Downloading cuda_toolkit-13.0.3.0-py2.py3-none-any.whl (2.5 kB)
Downloading nvidia_cudnn_cu13-9.24.0.43-py3-none-manylinux_2_27_x86_64.whl (553.1 MB)
   ━━━━━━━━━━━━━━━━━━━━━━━━━━━━━━━━━━━━━━━━ 553.1/553.1 MB 32.6 MB/s  0:00:08
Downloading nvidia_cusparselt_cu13-0.8.1-py3-none-manylinux2014_x86_64.whl (170.1 MB)
   ━━━━━━━━━━━━━━━━━━━━━━━━━━━━━━━━━━━━━━━━ 170.1/170.1 MB 72.0 MB/s  0:00:02
Downloading nvidia_nccl_cu13-2.30.7-py3-none-manylinux_2_18_x86_64.whl (216.0 MB)
   ━━━━━━━━━━━━━━━━━━━━━━━━━━━━━━━━━━━━━━━━ 216.0/216.0 MB 54.4 MB/s  0:00:03
Downloading nvidia_nvshmem_cu13-3.4.5-py3-none-manylinux2014_x86_64.manylinux_2_17_x86_64.whl (60.4 MB)
   ━━━━━━━━━━━━━━━━━━━━━━━━━━━━━━━━━━━━━━━━ 60.4/60.4 MB 53.4 MB/s  0:00:01
Downloading cuda_bindings-13.4.3-cp312-cp312-manylinux_2_24_x86_64.manylinux_2_28_x86_64.whl (7.2 MB)
   ━━━━━━━━━━━━━━━━━━━━━━━━━━━━━━━━━━━━━━━━ 7.2/7.2 MB 54.2 MB/s  0:00:00
Downloading nvidia_cublas-13.1.1.3-py3-none-manylinux_2_27_x86_64.whl (423.1 MB)
   ━━━━━━━━━━━━━━━━━━━━━━━━━━━━━━━━━━━━━━━━ 423.1/423.1 MB 36.7 MB/s  0:00:09
Downloading nvidia_cuda_cupti-13.0.85-py3-none-manylinux_2_25_x86_64.whl (10.7 MB)
   ━━━━━━━━━━━━━━━━━━━━━━━━━━━━━━━━━━━━━━━━ 10.7/10.7 MB 73.0 MB/s  0:00:00
Downloading nvidia_cuda_nvrtc-13.0.88-py3-none-manylinux2010_x86_64.manylinux_2_12_x86_64.whl (90.2 MB)
   ━━━━━━━━━━━━━━━━━━━━━━━━━━━━━━━━━━━━━━━━ 90.2/90.2 MB 79.0 MB/s  0:00:01
Downloading nvidia_cuda_runtime-13.0.96-py3-none-manylinux2014_x86_64.manylinux_2_17_x86_64.whl (2.2 MB)
   ━━━━━━━━━━━━━━━━━━━━━━━━━━━━━━━━━━━━━━━━ 2.2/2.2 MB 72.5 MB/s  0:00:00
Downloading nvidia_cufft-12.0.0.61-py3-none-manylinux2014_x86_64.manylinux_2_17_x86_64.whl (214.1 MB)
   ━━━━━━━━━━━━━━━━━━━━━━━━━━━━━━━━━━━━━━━━ 214.1/214.1 MB 71.9 MB/s  0:00:02
Downloading nvidia_cufile-1.15.1.6-py3-none-manylinux2014_x86_64.manylinux_2_17_x86_64.whl (1.2 MB)
   ━━━━━━━━━━━━━━━━━━━━━━━━━━━━━━━━━━━━━━━━ 1.2/1.2 MB 3.9 MB/s  0:00:00
Downloading nvidia_curand-10.4.0.35-py3-none-manylinux_2_27_x86_64.whl (59.5 MB)
   ━━━━━━━━━━━━━━━━━━━━━━━━━━━━━━━━━━━━━━━━ 59.5/59.5 MB 52.0 MB/s  0:00:01
Downloading nvidia_cusolver-12.0.4.66-py3-none-manylinux_2_27_x86_64.whl (200.9 MB)
   ━━━━━━━━━━━━━━━━━━━━━━━━━━━━━━━━━━━━━━━━ 200.9/200.9 MB 59.0 MB/s  0:00:03
Downloading nvidia_cusparse-12.6.3.3-py3-none-manylinux2014_x86_64.manylinux_2_17_x86_64.whl (145.9 MB)
   ━━━━━━━━━━━━━━━━━━━━━━━━━━━━━━━━━━━━━━━━ 145.9/145.9 MB 66.4 MB/s  0:00:02
Downloading nvidia_nvjitlink-13.4.92-py3-none-manylinux2010_x86_64.manylinux_2_12_x86_64.whl (42.5 MB)
   ━━━━━━━━━━━━━━━━━━━━━━━━━━━━━━━━━━━━━━━━ 42.5/42.5 MB 70.5 MB/s  0:00:00
Downloading nvidia_nvtx-13.0.85-py3-none-manylinux1_x86_64.manylinux_2_5_x86_64.whl (148 kB)
Downloading triton-3.8.0-cp312-cp312-manylinux_2_27_x86_64.manylinux_2_28_x86_64.whl (248.0 MB)
   ━━━━━━━━━━━━━━━━━━━━━━━━━━━━━━━━━━━━━━━━ 248.0/248.0 MB 58.4 MB/s  0:00:04
Downloading cuda_pathfinder-1.8.2-py3-none-any.whl (62 kB)
Downloading networkx-3.7-py3-none-any.whl (2.1 MB)
   ━━━━━━━━━━━━━━━━━━━━━━━━━━━━━━━━━━━━━━━━ 2.1/2.1 MB 92.5 MB/s  0:00:00
Downloading setuptools-84.0.0-py3-none-any.whl (818 kB)
   ━━━━━━━━━━━━━━━━━━━━━━━━━━━━━━━━━━━━━━━━ 818.2/818.2 kB 107.7 MB/s  0:00:00
Downloading sympy-1.14.0-py3-none-any.whl (6.3 MB)
   ━━━━━━━━━━━━━━━━━━━━━━━━━━━━━━━━━━━━━━━━ 6.3/6.3 MB 69.0 MB/s  0:00:00
Downloading mpmath-1.3.0-py3-none-any.whl (536 kB)
   ━━━━━━━━━━━━━━━━━━━━━━━━━━━━━━━━━━━━━━━━ 536.2/536.2 kB 79.9 MB/s  0:00:00
Downloading tqdm-4.70.1-py3-none-any.whl (80 kB)
Downloading anyio-4.15.1-py3-none-any.whl (132 kB)
Downloading typing_extensions-4.16.0-py3-none-any.whl (45 kB)
Downloading typer-0.27.2-py3-none-any.whl (123 kB)
Downloading annotated_doc-0.0.5-py3-none-any.whl (5.3 kB)
Downloading rich-15.0.0-py3-none-any.whl (310 kB)
Downloading shellingham-1.5.4-py2.py3-none-any.whl (9.8 kB)
Installing collected packages: nvidia-cusparselt-cu13, mpmath, cuda-toolkit, typing_extensions, triton, tqdm, threadpoolctl, sympy, shellingham, setuptools, safetensors, regex, nvidia-nvtx, nvidia-nvshmem-cu13, nvidia-nvjitlink, nvidia-nccl-cu13, nvidia-curand, nvidia-cufile, nvidia-cuda-runtime, nvidia-cuda-nvrtc, nvidia-cuda-cupti, numpy, networkx, narwhals, hf-xet, h11, fsspec, cuda-pathfinder, cloudpickle, click, annotated-doc, scipy, rich, nvidia-cusparse, nvidia-cufft, nvidia-cublas, joblib, httpcore, cuda-bindings, anyio, typer, scikit-learn, nvidia-cusolver, nvidia-cudnn-cu13, httpx, huggingface-hub, torch, tokenizers, transformers, sentence-transformers

Successfully installed annotated-doc-0.0.5 anyio-4.15.1 click-8.5.0 cloudpickle-3.1.2 cuda-bindings-13.4.3 cuda-pathfinder-1.8.2 cuda-toolkit-13.0.3.0 fsspec-2026.9.0 h11-0.16.0 hf-xet-1.6.0 httpcore-1.0.9 httpx-0.28.1 huggingface-hub-1.33.0 joblib-1.6.0 mpmath-1.3.0 narwhals-2.26.0 networkx-3.7 numpy-2.5.3 nvidia-cublas-13.1.1.3 nvidia-cuda-cupti-13.0.85 nvidia-cuda-nvrtc-13.0.88 nvidia-cuda-runtime-13.0.96 nvidia-cudnn-cu13-9.24.0.43 nvidia-cufft-12.0.0.61 nvidia-cufile-1.15.1.6 nvidia-curand-10.4.0.35 nvidia-cusolver-12.0.4.66 nvidia-cusparse-12.6.3.3 nvidia-cusparselt-cu13-0.8.1 nvidia-nccl-cu13-2.30.7 nvidia-nvjitlink-13.4.92 nvidia-nvshmem-cu13-3.4.5 nvidia-nvtx-13.0.85 regex-2026.9.29 rich-15.0.0 safetensors-0.8.0 scikit-learn-1.9.1 scipy-1.18.1 sentence-transformers-6.1.0 setuptools-84.0.0 shellingham-1.5.4 sympy-1.14.0 threadpoolctl-3.7.0 tokenizers-0.23.2 torch-2.14.1 tqdm-4.70.1 transformers-5.18.0 triton-3.8.0 typer-0.27.2 typing_extensions-4.16.0
Warning: You are sending unauthenticated requests to the HF Hub. Please set a HF_TOKEN to enable higher rate limits and faster downloads.
Loading weights:   0%|          | 0/134 [00:00<?, ?it/s]Loading weights: 100%|██████████| 134/134 [00:00<00:00, 5440.24it/s]
{
  "cases": 20,
  "model_hit_at_1": 0.95,
  "lexical_hit_at_1": 0.8,
  "mean_model_latency_ms": 108.84567794999357
}
{
  "schema": "PROJECT_BRAIN_C3_TOOL_ROUTE_RERANKER_PROBE_RESULT_V1",
  "status": "MEASUREMENT_ONLY__ZERO_CAPABILITY_CREDIT",
  "model": "cross-encoder/ettin-reranker-150m-v1",
  "cases": 20,
  "model_hit_at_1": 0.95,
  "lexical_hit_at_1": 0.8,
  "mean_model_latency_ms": 108.84567794999357,
  "rows": [
    {
      "id": "weather_forecast",
      "gold": "weather",
      "model_pick": "weather",
      "model_correct": true,
      "model_scores": {
        "weather": 10.48530101776123,
        "web": 2.6499483585357666,
        "calendar": -0.42334601283073425,
        "calculator": -3.149305582046509
      },
      "model_latency_ms": 105.17301999999518,
      "lexical_pick": "weather",
      "lexical_correct": true,
      "lexical_scores": {
        "weather": 0.25,
        "web": 0.16666666666666666,
        "calendar": 0.06666666666666667,
        "calculator": 0.06666666666666667
      }
    },
    {
      "id": "currency_conversion",
      "gold": "currency",
      "model_pick": "currency",
      "model_correct": true,
      "model_scores": {
        "currency": 9.726966857910156,
        "calculator": 2.8887526988983154,
        "web": -0.34915414452552795,
        "weather": -2.4836080074310303
      },
      "model_latency_ms": 98.81965099998524,
      "lexical_pick": "currency",
      "lexical_correct": true,
      "lexical_scores": {
        "currency": 0.23529411764705882,
        "calculator": 0.05555555555555555,
        "web": 0.05555555555555555,
        "weather": 0.0
      }
    },
    {
      "id": "future_reminder",
      "gold": "automation",
      "model_pick": "automation",
      "model_correct": true,
      "model_scores": {
        "automation": 6.148919105529785,
        "calendar": -0.2684963047504425,
        "chat": 0.695810079574585,
        "web": 0.2936015725135803
      },
      "model_latency_ms": 109.39817900001003,
      "lexical_pick": "chat",
      "lexical_correct": false,
      "lexical_scores": {
        "automation": 0.0,
        "calendar": 0.0,
        "chat": 0.05555555555555555,
        "web": 0.0
      }
    },
    {
      "id": "image_generation",
      "gold": "image_gen",
      "model_pick": "image_gen",
      "model_correct": true,
      "model_scores": {
        "image_gen": 3.958238363265991,
        "slides": -0.4700171947479248,
        "web_images": 3.821340560913086,
        "files": -2.224106788635254
      },
      "model_latency_ms": 99.79022599998189,
      "lexical_pick": "slides",
      "lexical_correct": false,
      "lexical_scores": {
        "image_gen": 0.0,
        "slides": 0.0625,
        "web_images": 0.05263157894736842,
        "files": 0.0
      }
    },
    {
      "id": "restaurant_availability",
      "gold": "availability",
      "model_pick": "availability",
      "model_correct": true,
      "model_scores": {
        "availability": 8.306353569030762,
        "business_search": 7.97805643081665,
        "web": 4.435582160949707,
        "map": 2.690333604812622
      },
      "model_latency_ms": 122.43283600000154,
      "lexical_pick": "availability",
      "lexical_correct": true,
      "lexical_scores": {
        "availability": 0.13043478260869565,
        "business_search": 0.1,
        "web": 0.05263157894736842,
        "map": 0.0
      }
    },
    {
      "id": "private_github_file",
      "gold": "github_fetch",
      "model_pick": "github_fetch",
      "model_correct": true,
      "model_scores": {
        "github_fetch": 8.423139572143555,
        "web": 1.9766850471496582,
        "files": 5.644047737121582,
        "dropbox": 4.307456970214844
      },
      "model_latency_ms": 112.24574199999893,
      "lexical_pick": "github_fetch",
      "lexical_correct": true,
      "lexical_scores": {
        "github_fetch": 0.09523809523809523,
        "web": 0.0,
        "files": 0.0,
        "dropbox": 0.0
      }
    },
    {
      "id": "library_semantic_search",
      "gold": "files",
      "model_pick": "files",
      "model_correct": true,
      "model_scores": {
        "files": 9.480052947998047,
        "github_search": 5.3245768547058105,
        "web": 4.614185810089111,
        "gmail": 4.049396991729736
      },
      "model_latency_ms": 125.24739899998849,
      "lexical_pick": "files",
      "lexical_correct": true,
      "lexical_scores": {
        "files": 0.17391304347826086,
        "github_search": 0.05,
        "web": 0.058823529411764705,
        "gmail": 0.05555555555555555
      }
    },
    {
      "id": "dropbox_find",
      "gold": "dropbox",
      "model_pick": "google_drive",
      "model_correct": false,
      "model_scores": {
        "dropbox": 6.745230674743652,
        "files": 1.118531584739685,
        "google_drive": 8.806279182434082,
        "web": 4.387731075286865
      },
      "model_latency_ms": 115.75471599999787,
      "lexical_pick": "dropbox",
      "lexical_correct": true,
      "lexical_scores": {
        "dropbox": 0.10526315789473684,
        "files": 0.0625,
        "google_drive": 0.06666666666666667,
        "web": 0.0
      }
    },
    {
      "id": "gmail_send",
      "gold": "gmail",
      "model_pick": "gmail",
      "model_correct": true,
      "model_scores": {
        "gmail": 7.688083171844482,
        "chat_draft": 4.516988277435303,
        "slack": 1.3762176036834717,
        "notion": -1.958550214767456
      },
      "model_latency_ms": 106.85425100001567,
      "lexical_pick": "gmail",
      "lexical_correct": true,
      "lexical_scores": {
        "gmail": 0.2222222222222222,
        "chat_draft": 0.10526315789473684,
        "slack": 0.058823529411764705,
        "notion": 0.0
      }
    },
    {
      "id": "slack_search",
      "gold": "slack",
      "model_pick": "slack",
      "model_correct": true,
      "model_scores": {
        "slack": 7.800062656402588,
        "gmail": 3.133483409881592,
        "notion": 3.777146577835083,
        "web": 3.037307024002075
      },
      "model_latency_ms": 112.93976399997518,
      "lexical_pick": "slack",
      "lexical_correct": true,
      "lexical_scores": {
        "slack": 0.15,
        "gmail": 0.05263157894736842,
        "notion": 0.05263157894736842,
        "web": 0.0
      }
    },
    {
      "id": "notion_spec",
      "gold": "notion",
      "model_pick": "notion",
      "model_correct": true,
      "model_scores": {
        "notion": 11.242264747619629,
        "github": 0.28074023127555847,
        "slides": 1.9050542116165161,
        "gmail": 2.0065457820892334
      },
      "model_latency_ms": 112.5758769999834,
      "lexical_pick": "notion",
      "lexical_correct": true,
      "lexical_scores": {
        "notion": 0.14285714285714285,
        "github": 0.05,
        "slides": 0.0,
        "gmail": 0.058823529411764705
      }
    },
    {
      "id": "drive_sheet",
      "gold": "google_sheets",
      "model_pick": "google_sheets",
      "model_correct": true,
      "model_scores": {
        "google_sheets": 9.755416870117188,
        "spreadsheet_file": 4.202761650085449,
        "files": 3.087796688079834,
        "web": 1.257020354270935
      },
      "model_latency_ms": 119.83651399998507,
      "lexical_pick": "google_sheets",
      "lexical_correct": true,
      "lexical_scores": {
        "google_sheets": 0.2777777777777778,
        "spreadsheet_file": 0.09523809523809523,
        "files": 0.0625,
        "web": 0.0
      }
    },
    {
      "id": "figma_edit",
      "gold": "figma",
      "model_pick": "figma",
      "model_correct": true,
      "model_scores": {
        "figma": 8.168203353881836,
        "image_gen": 4.070527076721191,
        "slides": 0.5744019746780396,
        "web_images": 2.1017208099365234
      },
      "model_latency_ms": 114.12686899998903,
      "lexical_pick": "figma",
      "lexical_correct": true,
      "lexical_scores": {
        "figma": 0.17647058823529413,
        "image_gen": 0.0,
        "slides": 0.0,
        "web_images": 0.0625
      }
    },
    {
      "id": "vercel_deploy",
      "gold": "vercel",
      "model_pick": "vercel",
      "model_correct": true,
      "model_scores": {
        "vercel": 8.545791625976562,
        "github": 1.3854022026062012,
        "replit": 3.8052244186401367,
        "web": -0.35621100664138794
      },
      "model_latency_ms": 134.90938399999663,
      "lexical_pick": "vercel",
      "lexical_correct": true,
      "lexical_scores": {
        "vercel": 0.15,
        "github": 0.05263157894736842,
        "replit": 0.05263157894736842,
        "web": 0.0
      }
    },
    {
      "id": "current_time",
      "gold": "time",
      "model_pick": "time",
      "model_correct": true,
      "model_scores": {
        "time": 4.536843776702881,
        "weather": 0.16546103358268738,
        "calendar": -1.6778535842895508,
        "calculator": -1.8341376781463623
      },
      "model_latency_ms": 93.3257039999944,
      "lexical_pick": "time",
      "lexical_correct": true,
      "lexical_scores": {
        "time": 0.058823529411764705,
        "weather": 0.0,
        "calendar": 0.0,
        "calculator": 0.0
      }
    },
    {
      "id": "unit_conversion",
      "gold": "unit",
      "model_pick": "unit",
      "model_correct": true,
      "model_scores": {
        "unit": 5.7436933517456055,
        "calculator": 2.361309289932251,
        "currency": 0.5137954354286194,
        "web": -1.0245872735977173
      },
      "model_latency_ms": 75.82069899999055,
      "lexical_pick": "currency",
      "lexical_correct": false,
      "lexical_scores": {
        "unit": 0.1,
        "calculator": 0.0,
        "currency": 0.1111111111111111,
        "web": 0.0
      }
    },
    {
      "id": "news_search",
      "gold": "web",
      "model_pick": "web",
      "model_correct": true,
      "model_scores": {
        "web": 8.496297836303711,
        "files": 0.7189356684684753,
        "github": 2.241424798965454,
        "gmail": 0.7153038382530212
      },
      "model_latency_ms": 98.56984099999977,
      "lexical_pick": "files",
      "lexical_correct": false,
      "lexical_scores": {
        "web": 0.05,
        "files": 0.05555555555555555,
        "github": 0.0,
        "gmail": 0.0
      }
    },
    {
      "id": "github_commit",
      "gold": "github",
      "model_pick": "github",
      "model_correct": true,
      "model_scores": {
        "github": 4.470211982727051,
        "files": 2.8985047340393066,
        "dropbox": -0.7774547338485718,
        "web": -0.6585412621498108
      },
      "model_latency_ms": 117.24809099999334,
      "lexical_pick": "github",
      "lexical_correct": true,
      "lexical_scores": {
        "github": 0.08695652173913043,
        "files": 0.05,
        "dropbox": 0.05555555555555555,
        "web": 0.0
      }
    },
    {
      "id": "document_artifact",
      "gold": "document",
      "model_pick": "document",
      "model_correct": true,
      "model_scores": {
        "document": 9.28597640991211,
        "slides": 3.824409246444702,
        "spreadsheet": 3.4395415782928467,
        "pdf": 4.581787586212158
      },
      "model_latency_ms": 95.90205800000717,
      "lexical_pick": "document",
      "lexical_correct": true,
      "lexical_scores": {
        "document": 0.11764705882352941,
        "slides": 0.08333333333333333,
        "spreadsheet": 0.1,
        "pdf": 0.08333333333333333
      }
    },
    {
      "id": "pdf_edit",
      "gold": "pdf",
      "model_pick": "pdf",
      "model_correct": true,
      "model_scores": {
        "pdf": 8.509760856628418,
        "document": 5.910667419433594,
        "image_gen": 4.215411186218262,
        "files": 1.239415168762207
      },
      "model_latency_ms": 105.94273799998177,
      "lexical_pick": "pdf",
      "lexical_correct": true,
      "lexical_scores": {
        "pdf": 0.2,
        "document": 0.1111111111111111,
        "image_gen": 0.0,
        "files": 0.05555555555555555
      }
    }
  ],
  "capability_credit_delta": 0
}
