2026-10-04T08:14:10.2003912Z Current runner version: '2.337.0'
2026-10-04T08:14:10.2027702Z ##[group]Runner Image Provisioner
2026-10-04T08:14:10.2028578Z Hosted Compute Agent
2026-10-04T08:14:10.2029185Z Version: 20260901.588
2026-10-04T08:14:10.2029834Z Commit: f88ec8081b781fac6c440065ac7ff9e710ce3d0b
2026-10-04T08:14:10.2030500Z Build Date: 2026-09-01T19:56:44Z
2026-10-04T08:14:10.2031103Z Worker ID: {26c75c7a-cf26-4d0c-9dbb-50d8498d6a37}
2026-10-04T08:14:10.2031778Z Azure Region: westus3
2026-10-04T08:14:10.2032310Z ##[endgroup]
2026-10-04T08:14:10.2033632Z ##[group]Operating System
2026-10-04T08:14:10.2034207Z Ubuntu
2026-10-04T08:14:10.2034810Z 24.04.5
2026-10-04T08:14:10.2035473Z LTS
2026-10-04T08:14:10.2035958Z ##[endgroup]
2026-10-04T08:14:10.2036500Z ##[group]Runner Image
2026-10-04T08:14:10.2037051Z Image: ubuntu-24.04
2026-10-04T08:14:10.2037560Z Version: 20260927.320.1
2026-10-04T08:14:10.2038765Z Included Software: https://github.com/actions/runner-images/blob/ubuntu24/20260927.320/images/ubuntu/Ubuntu2404-Readme.md
2026-10-04T08:14:10.2040160Z Image Release: https://github.com/actions/runner-images/releases/tag/ubuntu24%2F20260927.320
2026-10-04T08:14:10.2041035Z ##[endgroup]
2026-10-04T08:14:10.2042086Z ##[group]GITHUB_TOKEN Permissions
2026-10-04T08:14:10.2044060Z Contents: read
2026-10-04T08:14:10.2044582Z Metadata: read
2026-10-04T08:14:10.2045424Z Packages: read
2026-10-04T08:14:10.2045939Z ##[endgroup]
2026-10-04T08:14:10.2047963Z Secret source: Actions
2026-10-04T08:14:10.2048922Z Cache mode: write
2026-10-04T08:14:10.2049512Z Prepare workflow directory
2026-10-04T08:14:10.2528979Z Prepare all required actions
2026-10-04T08:14:10.2578921Z Getting action download info
2026-10-04T08:14:10.5754830Z Download action repository 'actions/checkout@v4' (SHA:11d5960a326750d5838078e36cf38b85af677262)
2026-10-04T08:14:10.6500913Z Download action repository 'actions/setup-python@v5' (SHA:a26af69be951a213d495a4c3e4e4022e16d87065)
2026-10-04T08:14:10.7885072Z Complete job name: verify
2026-10-04T08:14:10.8486538Z ##[group]Run actions/checkout@v4
2026-10-04T08:14:10.8595976Z with:
2026-10-04T08:14:10.8596858Z   repository: moxnixmdj/verification-capsule-runner
2026-10-04T08:14:10.8601435Z   token: ***
2026-10-04T08:14:10.8601814Z   ssh-strict: true
2026-10-04T08:14:10.8602199Z   ssh-user: git
2026-10-04T08:14:10.8602592Z   persist-credentials: true
2026-10-04T08:14:10.8603016Z   clean: true
2026-10-04T08:14:10.8603409Z   sparse-checkout-cone-mode: true
2026-10-04T08:14:10.8603872Z   fetch-depth: 1
2026-10-04T08:14:10.8604245Z   fetch-tags: false
2026-10-04T08:14:10.8604749Z   show-progress: true
2026-10-04T08:14:10.8605301Z   lfs: false
2026-10-04T08:14:10.8605669Z   submodules: false
2026-10-04T08:14:10.8606071Z   set-safe-directory: true
2026-10-04T08:14:10.8606546Z   allow-unsafe-pr-checkout: false
2026-10-04T08:14:10.8607587Z env:
2026-10-04T08:14:10.8607966Z   REPOSITORY_PRIVATE: false
2026-10-04T08:14:10.8608397Z ##[endgroup]
2026-10-04T08:14:10.9605784Z Syncing repository: moxnixmdj/verification-capsule-runner
2026-10-04T08:14:10.9608895Z ##[group]Getting Git version info
2026-10-04T08:14:10.9610524Z Working directory is '/home/runner/work/verification-capsule-runner/verification-capsule-runner'
2026-10-04T08:14:10.9612619Z [command]/usr/bin/git version
2026-10-04T08:14:10.9643003Z git version 2.55.0
2026-10-04T08:14:10.9662502Z ##[endgroup]
2026-10-04T08:14:10.9675655Z Temporarily overriding HOME='/home/runner/work/_temp/6556ac68-2c19-455a-991b-300f8d70c0fd' before making global git config changes
2026-10-04T08:14:10.9678207Z Adding repository directory to the temporary git global config as a safe directory
2026-10-04T08:14:10.9681895Z [command]/usr/bin/git config --global --add safe.directory /home/runner/work/verification-capsule-runner/verification-capsule-runner
2026-10-04T08:14:10.9730269Z Deleting the contents of '/home/runner/work/verification-capsule-runner/verification-capsule-runner'
2026-10-04T08:14:10.9744817Z ##[group]Initializing the repository
2026-10-04T08:14:10.9746554Z [command]/usr/bin/git init /home/runner/work/verification-capsule-runner/verification-capsule-runner
2026-10-04T08:14:10.9847043Z hint: Using 'master' as the name for the initial branch. This default branch name
2026-10-04T08:14:10.9851179Z hint: will change to "main" in Git 3.0. To configure the initial branch name
2026-10-04T08:14:10.9852753Z hint: to use in all of your new repositories, which will suppress this warning,
2026-10-04T08:14:10.9853452Z hint: call:
2026-10-04T08:14:10.9853820Z hint:
2026-10-04T08:14:10.9854299Z hint: 	git config --global init.defaultBranch <name>
2026-10-04T08:14:10.9855042Z hint:
2026-10-04T08:14:10.9855593Z hint: Names commonly chosen instead of 'master' are 'main', 'trunk' and
2026-10-04T08:14:10.9856477Z hint: 'development'. The just-created branch can be renamed via this command:
2026-10-04T08:14:10.9857200Z hint:
2026-10-04T08:14:10.9857600Z hint: 	git branch -m <name>
2026-10-04T08:14:10.9858057Z hint:
2026-10-04T08:14:10.9858691Z hint: Disable this message with "git config set advice.defaultBranchName false"
2026-10-04T08:14:10.9860486Z Initialized empty Git repository in /home/runner/work/verification-capsule-runner/verification-capsule-runner/.git/
2026-10-04T08:14:10.9862964Z [command]/usr/bin/git remote add origin https://github.com/moxnixmdj/verification-capsule-runner
2026-10-04T08:14:10.9907521Z ##[endgroup]
2026-10-04T08:14:10.9908431Z ##[group]Disabling automatic garbage collection
2026-10-04T08:14:10.9911883Z [command]/usr/bin/git config --local gc.auto 0
2026-10-04T08:14:10.9939423Z ##[endgroup]
2026-10-04T08:14:10.9940247Z ##[group]Setting up auth
2026-10-04T08:14:10.9948048Z [command]/usr/bin/git config --local --name-only --get-regexp core\.sshCommand
2026-10-04T08:14:10.9976502Z [command]/usr/bin/git submodule foreach --recursive sh -c "git config --local --name-only --get-regexp 'core\.sshCommand' && git config --local --unset-all 'core.sshCommand' || :"
2026-10-04T08:14:11.0290561Z [command]/usr/bin/git config --local --name-only --get-regexp http\.https\:\/\/github\.com\/\.extraheader
2026-10-04T08:14:11.0325801Z [command]/usr/bin/git submodule foreach --recursive sh -c "git config --local --name-only --get-regexp 'http\.https\:\/\/github\.com\/\.extraheader' && git config --local --unset-all 'http.https://github.com/.extraheader' || :"
2026-10-04T08:14:11.0518554Z [command]/usr/bin/git config --local --name-only --get-regexp ^includeIf\.gitdir:
2026-10-04T08:14:11.0548632Z [command]/usr/bin/git submodule foreach --recursive git config --local --show-origin --name-only --get-regexp remote.origin.url
2026-10-04T08:14:11.0729877Z [command]/usr/bin/git config --local http.https://github.com/.extraheader AUTHORIZATION: basic ***
2026-10-04T08:14:11.0766379Z ##[endgroup]
2026-10-04T08:14:11.0767766Z ##[group]Fetching the repository
2026-10-04T08:14:11.0777195Z [command]/usr/bin/git -c protocol.version=2 fetch --no-tags --prune --no-recurse-submodules --depth=1 origin +31d7ab1526d01cd86594e426565cc72997b22c12:refs/remotes/pull/1761/merge
2026-10-04T08:14:12.7808300Z From https://github.com/moxnixmdj/verification-capsule-runner
2026-10-04T08:14:12.7827157Z  * [new ref]         31d7ab1526d01cd86594e426565cc72997b22c12 -> pull/1761/merge
2026-10-04T08:14:12.7830486Z ##[endgroup]
2026-10-04T08:14:12.7831807Z ##[group]Determining the checkout info
2026-10-04T08:14:12.7833257Z ##[endgroup]
2026-10-04T08:14:12.7834128Z [command]/usr/bin/git sparse-checkout disable
2026-10-04T08:14:12.7870221Z [command]/usr/bin/git config --local --unset-all extensions.worktreeConfig
2026-10-04T08:14:12.7907205Z ##[group]Checking out the ref
2026-10-04T08:14:12.7912377Z [command]/usr/bin/git checkout --progress --force refs/remotes/pull/1761/merge
2026-10-04T08:14:13.0381807Z Note: switching to 'refs/remotes/pull/1761/merge'.
2026-10-04T08:14:13.0383648Z 
2026-10-04T08:14:13.0385334Z You are in 'detached HEAD' state. You can look around, make experimental
2026-10-04T08:14:13.0387584Z changes and commit them, and you can discard any commits you make in this
2026-10-04T08:14:13.0391040Z state without impacting any branches by switching back to a branch.
2026-10-04T08:14:13.0393383Z 
2026-10-04T08:14:13.0394863Z If you want to create a new branch to retain commits you create, you may
2026-10-04T08:14:13.0398270Z do so (now or later) by using -c with the switch command. Example:
2026-10-04T08:14:13.0400058Z 
2026-10-04T08:14:13.0400850Z   git switch -c <new-branch-name>
2026-10-04T08:14:13.0402242Z 
2026-10-04T08:14:13.0403155Z Or undo this operation with:
2026-10-04T08:14:13.0404336Z 
2026-10-04T08:14:13.0405221Z   git switch -
2026-10-04T08:14:13.0406203Z 
2026-10-04T08:14:13.0408077Z Turn off this advice by setting config variable advice.detachedHead to false
2026-10-04T08:14:13.0410614Z 
2026-10-04T08:14:13.0412367Z HEAD is now at 31d7ab1 Merge d8e6edd61fb1fbeedd856aa31cc202348e52529c into d4d1d2d669c67e4ca0d41e9dfd4562c2fc652ce9
2026-10-04T08:14:13.0418873Z ##[endgroup]
2026-10-04T08:14:13.0440990Z [command]/usr/bin/git log -1 --format=%H
2026-10-04T08:14:13.0463527Z 31d7ab1526d01cd86594e426565cc72997b22c12
2026-10-04T08:14:13.0823769Z ##[group]Run actions/setup-python@v5
2026-10-04T08:14:13.0825135Z with:
2026-10-04T08:14:13.0826039Z   python-version: 3.12
2026-10-04T08:14:13.0827023Z   check-latest: false
2026-10-04T08:14:13.0835826Z   token: ***
2026-10-04T08:14:13.0836756Z   update-environment: true
2026-10-04T08:14:13.0837832Z   allow-prereleases: false
2026-10-04T08:14:13.0838899Z   freethreaded: false
2026-10-04T08:14:13.0839851Z env:
2026-10-04T08:14:13.0840733Z   REPOSITORY_PRIVATE: false
2026-10-04T08:14:13.0841765Z ##[endgroup]
2026-10-04T08:14:13.2156996Z ##[group]Installed versions
2026-10-04T08:14:13.2231383Z (node:2302) [DEP0040] DeprecationWarning: The `punycode` module is deprecated. Please use a userland alternative instead.
2026-10-04T08:14:13.2234882Z (Use `node --trace-deprecation ...` to show where the warning was created)
2026-10-04T08:14:13.2236569Z Successfully set up CPython (3.12.14)
2026-10-04T08:14:13.2238348Z ##[endgroup]
2026-10-04T08:14:13.2432803Z ##[group]Run python verify_livebench_zero_spend_carrier_v1.py
2026-10-04T08:14:13.2434625Z [36;1mpython verify_livebench_zero_spend_carrier_v1.py[0m
2026-10-04T08:14:13.2658182Z shell: /usr/bin/bash -e {0}
2026-10-04T08:14:13.2659305Z env:
2026-10-04T08:14:13.2660170Z   REPOSITORY_PRIVATE: false
2026-10-04T08:14:13.2661437Z   pythonLocation: /opt/hostedtoolcache/Python/3.12.14/x64
2026-10-04T08:14:13.2663150Z   PKG_CONFIG_PATH: /opt/hostedtoolcache/Python/3.12.14/x64/lib/pkgconfig
2026-10-04T08:14:13.2665036Z   Python_ROOT_DIR: /opt/hostedtoolcache/Python/3.12.14/x64
2026-10-04T08:14:13.2666635Z   Python2_ROOT_DIR: /opt/hostedtoolcache/Python/3.12.14/x64
2026-10-04T08:14:13.2668229Z   Python3_ROOT_DIR: /opt/hostedtoolcache/Python/3.12.14/x64
2026-10-04T08:14:13.2669839Z   LD_LIBRARY_PATH: /opt/hostedtoolcache/Python/3.12.14/x64/lib
2026-10-04T08:14:13.2671213Z ##[endgroup]
2026-10-04T08:14:33.7559402Z /opt/hostedtoolcache/Python/3.12.14/x64/lib/python3.12/site-packages/syllapy/data_loader.py:3: UserWarning: pkg_resources is deprecated as an API. See https://setuptools.pypa.io/en/latest/pkg_resources.html. The pkg_resources package is slated for removal as early as 2025-11-30. Refrain from using this package or pin to Setuptools<81.
2026-10-04T08:14:33.7561939Z   import pkg_resources
2026-10-04T08:14:38.8601262Z {
2026-10-04T08:14:38.8601803Z   "acceptance_credit_delta": 0,
2026-10-04T08:14:38.8602288Z   "carrier": {
2026-10-04T08:14:38.8602681Z     "cpu_count": 4,
2026-10-04T08:14:38.8603100Z     "free_disk_mb": 88061,
2026-10-04T08:14:38.8603571Z     "github_actions": "true",
2026-10-04T08:14:38.8604055Z     "memory_mb": 15988,
2026-10-04T08:14:38.8604488Z     "repository_private": "false",
2026-10-04T08:14:38.8605175Z     "runner_os": "Linux"
2026-10-04T08:14:38.8605588Z   },
2026-10-04T08:14:38.8605914Z   "errors": [],
2026-10-04T08:14:38.8606306Z   "exact_blobs": {
2026-10-04T08:14:38.8606705Z     "adapter": {
2026-10-04T08:14:38.8607269Z       "git_blob_sha": "7e3885fa7a6e56df656c066e0a8f17cfa21424e7",
2026-10-04T08:14:38.8608312Z       "path": "capsules/root2_livebench_astra_adapter_v1/canonical/runtime/root2_livebench_if_astra_inference_adapter_v1.py",
2026-10-04T08:14:38.8609683Z       "size": 2135
2026-10-04T08:14:38.8610050Z     },
2026-10-04T08:14:38.8610370Z     "adapter_registry": {
2026-10-04T08:14:38.8610707Z       "git_blob_sha": "afa021a25d2de53e293d10ab6759e55eaabaea21",
2026-10-04T08:14:38.8611313Z       "path": "capsules/root2_livebench_astra_adapter_v1/canonical/governance/ROOT2_EXTERNAL_TASK_ADAPTER_REGISTRY_V1.json",
2026-10-04T08:14:38.8611857Z       "size": 1504
2026-10-04T08:14:38.8612087Z     },
2026-10-04T08:14:38.8612312Z     "astra_runtime": {
2026-10-04T08:14:38.8612627Z       "git_blob_sha": "7f5d16b1db69cb620954bc778e0ba6e15e687b75",
2026-10-04T08:14:38.8613128Z       "path": "capsules/root2_livebench_astra_adapter_v1/canonical/runtime/astra_runtime.py",
2026-10-04T08:14:38.8613580Z       "size": 297339
2026-10-04T08:14:38.8613833Z     },
2026-10-04T08:14:38.8614152Z     "bound_registry": {
2026-10-04T08:14:38.8614524Z       "git_blob_sha": "7badee4878700f2cd4176beb8319d2a6a0bdf782",
2026-10-04T08:14:38.8615254Z       "path": "canonical/runtime/BOUND_CAPABILITY_REGISTRY_V1.json",
2026-10-04T08:14:38.8615624Z       "size": 111689
2026-10-04T08:14:38.8615858Z     },
2026-10-04T08:14:38.8616091Z     "capability_planner": {
2026-10-04T08:14:38.8616425Z       "git_blob_sha": "64ff65cb184f50d3336326f33cccfcc0a53301a8",
2026-10-04T08:14:38.8616865Z       "path": "canonical/runtime/capability_planner.py",
2026-10-04T08:14:38.8617193Z       "size": 7851
2026-10-04T08:14:38.8617421Z     },
2026-10-04T08:14:38.8617663Z     "capability_proposal_generators": {
2026-10-04T08:14:38.8618027Z       "git_blob_sha": "71f2bbfda66a65d8d75e035b9ae073671ebd56e2",
2026-10-04T08:14:38.8618458Z       "path": "canonical/runtime/capability_proposal_generators.py",
2026-10-04T08:14:38.8618819Z       "size": 21182
2026-10-04T08:14:38.8619051Z     },
2026-10-04T08:14:38.8619515Z     "entrypoint": {
2026-10-04T08:14:38.8619838Z       "git_blob_sha": "603beefe0db24102b86b7c965e5433bd880392af",
2026-10-04T08:14:38.8620432Z       "path": "capsules/root2_livebench_astra_adapter_v1/canonical/runtime/root2_external_task_entrypoint_v1.py",
2026-10-04T08:14:38.8620936Z       "size": 4442
2026-10-04T08:14:38.8621161Z     },
2026-10-04T08:14:38.8621381Z     "goal_compiler": {
2026-10-04T08:14:38.8621691Z       "git_blob_sha": "4b61fe911471854ec15c7900816f61e9e55f602e",
2026-10-04T08:14:38.8622071Z       "path": "canonical/runtime/goal_compiler.py",
2026-10-04T08:14:38.8622386Z       "size": 203207
2026-10-04T08:14:38.8622618Z     }
2026-10-04T08:14:38.8622826Z   },
2026-10-04T08:14:38.8623054Z   "hard_nonclaims": [
2026-10-04T08:14:38.8623305Z     "NO_LIVEBENCH_SCORE",
2026-10-04T08:14:38.8623579Z     "NO_LIVEBENCH_CASE_EXPOSURE",
2026-10-04T08:14:38.8623878Z     "NO_FRESH_REALITY_AUTHORITY",
2026-10-04T08:14:38.8624175Z     "NO_ACCEPTANCE_OR_PROMOTION_CREDIT",
2026-10-04T08:14:38.8624831Z     "THIS_PROBE_PROVES_ONLY_EXACT_RUNTIME_ADAPTER_COMPILER_REGISTRY_EXECUTABILITY_ON_THE_PUBLIC_STANDARD_RUNNER"
2026-10-04T08:14:38.8625336Z   ],
2026-10-04T08:14:38.8625578Z   "incremental_spend_usd": 0,
2026-10-04T08:14:38.8625874Z   "new_reality_units_consumed": 0,
2026-10-04T08:14:38.8626305Z   "schema": "PROJECT_BRAIN_LIVEBENCH_IF_ZERO_SPEND_CARRIER_PUBLIC_RUNNER_PROBE_V1",
2026-10-04T08:14:38.8626878Z   "status": "PASS__EXACT_BLOBS_SYNTHETIC_FULL_ADAPTER_PATH__PUBLIC_GITHUB_RUNNER",
2026-10-04T08:14:38.8627288Z   "synthetic_probe": {
2026-10-04T08:14:38.8627578Z     "benchmark_case_exposed": false,
2026-10-04T08:14:38.8627993Z     "cognition_dependency_class": "MODEL_INDEPENDENT",
2026-10-04T08:14:38.8628331Z     "fresh_reality_consumed": false,
2026-10-04T08:14:38.8628918Z     "instruction": "Read canonical/runtime/BOUND_CAPABILITY_REGISTRY_V1.json. Read canonical/runtime/BOUND_CAPABILITY_REGISTRY_V1.json.",
2026-10-04T08:14:38.8629519Z     "model_dependency_count": 0,
2026-10-04T08:14:38.8629801Z     "preflight": {
2026-10-04T08:14:38.8630064Z       "acceptance_credit_delta": 0,
2026-10-04T08:14:38.8630445Z       "adapter_blob_sha": "7e3885fa7a6e56df656c066e0a8f17cfa21424e7",
2026-10-04T08:14:38.8631087Z       "adapter_path": "canonical/runtime/root2_livebench_if_astra_inference_adapter_v1.py",
2026-10-04T08:14:38.8631557Z       "benchmark_id": "LIVEBENCH_IF_2026_06_25",
2026-10-04T08:14:38.8631880Z       "callable": "infer",
2026-10-04T08:14:38.8632150Z       "errors": [],
2026-10-04T08:14:38.8632412Z       "execution_authority": false,
2026-10-04T08:14:38.8632718Z       "incremental_spend_usd": 0,
2026-10-04T08:14:38.8633026Z       "inference_ready": true,
2026-10-04T08:14:38.8633319Z       "promotion_authority": false,
2026-10-04T08:14:38.8633667Z       "schema": "PROJECT_BRAIN_ROOT2_EXTERNAL_TASK_ENTRYPOINT_V1",
2026-10-04T08:14:38.8634059Z       "status": "PASS__INFERENCE_ADAPTER_BOUND"
2026-10-04T08:14:38.8634358Z     },
2026-10-04T08:14:38.8634732Z     "result_status": "PASS__MODEL_INDEPENDENT_BRAIN_RESPONSE",
2026-10-04T08:14:38.8635200Z     "trace_types": [
2026-10-04T08:14:38.8635445Z       "read_file",
2026-10-04T08:14:38.8636068Z       "read_file",
2026-10-04T08:14:38.8636397Z       "finish"
2026-10-04T08:14:38.8636870Z     ]
2026-10-04T08:14:38.8637085Z   },
2026-10-04T08:14:38.8637320Z   "terminal_cases_consumed": 0
2026-10-04T08:14:38.8637586Z }
2026-10-04T08:14:38.8638173Z FAIL_CLOSED:UNKNOWN_INSTRUCTION_IDS:af4eeddebf27394eb689d2049f2f8104ae081ebafe237258bdc1a992e96f598d
2026-10-04T08:14:38.9953208Z ##[error]Process completed with exit code 1.
2026-10-04T08:14:39.0103712Z Post job cleanup.
2026-10-04T08:14:39.0959352Z [command]/usr/bin/git version
2026-10-04T08:14:39.0998377Z git version 2.55.0
2026-10-04T08:14:39.1038095Z Temporarily overriding HOME='/home/runner/work/_temp/3cfb705e-ba98-4f9b-8fab-8259ca1201d0' before making global git config changes
2026-10-04T08:14:39.1039518Z Adding repository directory to the temporary git global config as a safe directory
2026-10-04T08:14:39.1044248Z [command]/usr/bin/git config --global --add safe.directory /home/runner/work/verification-capsule-runner/verification-capsule-runner
2026-10-04T08:14:39.1080239Z [command]/usr/bin/git config --local --name-only --get-regexp core\.sshCommand
2026-10-04T08:14:39.1111183Z [command]/usr/bin/git submodule foreach --recursive sh -c "git config --local --name-only --get-regexp 'core\.sshCommand' && git config --local --unset-all 'core.sshCommand' || :"
2026-10-04T08:14:39.1320738Z [command]/usr/bin/git config --local --name-only --get-regexp http\.https\:\/\/github\.com\/\.extraheader
2026-10-04T08:14:39.1346168Z http.https://github.com/.extraheader
2026-10-04T08:14:39.1356243Z [command]/usr/bin/git config --local --unset-all http.https://github.com/.extraheader
2026-10-04T08:14:39.1396024Z [command]/usr/bin/git submodule foreach --recursive sh -c "git config --local --name-only --get-regexp 'http\.https\:\/\/github\.com\/\.extraheader' && git config --local --unset-all 'http.https://github.com/.extraheader' || :"
2026-10-04T08:14:39.1624606Z [command]/usr/bin/git config --local --name-only --get-regexp ^includeIf\.gitdir:
2026-10-04T08:14:39.1660675Z [command]/usr/bin/git submodule foreach --recursive git config --local --show-origin --name-only --get-regexp remote.origin.url
2026-10-04T08:14:39.2041733Z Cleaning up orphan processes
2026-10-04T08:14:39.2290477Z ##[warning]Node.js 20 is deprecated. The following actions target Node.js 20 but are being forced to run on Node.js 24: actions/checkout@v4, actions/setup-python@v5. For more information see: https://github.blog/changelog/2025-09-19-deprecation-of-node-20-on-github-actions-runners/
