Defaulting to user installation because normal site-packages is not writeable
Requirement already satisfied: pip in /usr/lib/python3/dist-packages (24.0)
Collecting pip
  Downloading pip-26.2.1-py3-none-any.whl.metadata (4.6 kB)
Downloading pip-26.2.1-py3-none-any.whl (1.8 MB)
   ━━━━━━━━━━━━━━━━━━━━━━━━━━━━━━━━━━━━━━━━ 1.8/1.8 MB 25.5 MB/s eta 0:00:00
Installing collected packages: pip
Successfully installed pip-26.2.1
Defaulting to user installation because normal site-packages is not writeable
Collecting transformers>=4.51
  Downloading transformers-5.18.0-py3-none-any.whl.metadata (32 kB)
Collecting torch
  Downloading torch-2.14.1-cp312-cp312-manylinux_2_28_x86_64.whl.metadata (37 kB)
Collecting huggingface-hub
  Downloading huggingface_hub-2.0.0-py3-none-any.whl.metadata (16 kB)
Collecting accelerate
  Downloading accelerate-1.15.0-py3-none-any.whl.metadata (19 kB)
Collecting numpy>=1.17 (from transformers>=4.51)
  Downloading numpy-2.5.3-cp312-cp312-manylinux_2_27_x86_64.manylinux_2_28_x86_64.whl.metadata (6.6 kB)
Requirement already satisfied: packaging>=20.0 in /usr/lib/python3/dist-packages (from transformers>=4.51) (24.0)
Requirement already satisfied: pyyaml>=5.1 in /usr/lib/python3/dist-packages (from transformers>=4.51) (6.0.1)
Collecting regex>=2025.10.22 (from transformers>=4.51)
  Downloading regex-2026.9.29-cp312-cp312-manylinux2014_x86_64.manylinux_2_17_x86_64.manylinux_2_28_x86_64.whl.metadata (40 kB)
Collecting tokenizers<0.24.0,>=0.23.1 (from transformers>=4.51)
  Downloading tokenizers-0.23.2-cp310-abi3-manylinux_2_17_x86_64.manylinux2014_x86_64.whl.metadata (9.8 kB)
Collecting typer (from transformers>=4.51)
  Downloading typer-0.27.2-py3-none-any.whl.metadata (16 kB)
Collecting safetensors>=0.8.0 (from transformers>=4.51)
  Downloading safetensors-0.8.0-cp310-abi3-manylinux_2_17_x86_64.manylinux2014_x86_64.whl.metadata (4.2 kB)
Collecting tqdm>=4.60 (from transformers>=4.51)
  Downloading tqdm-4.70.1-py3-none-any.whl.metadata (57 kB)
Collecting click<9.0.0,>=8.4.2 (from huggingface-hub)
  Downloading click-8.5.0-py3-none-any.whl.metadata (2.6 kB)
Requirement already satisfied: filelock>=3.10.0 in /usr/local/lib/python3.12/dist-packages (from huggingface-hub) (4.0.1)
Collecting fsspec>=2023.5.0 (from huggingface-hub)
  Downloading fsspec-2026.9.0-py3-none-any.whl.metadata (10 kB)
Collecting hf-xet<2.0.0,>=1.6.0 (from huggingface-hub)
  Downloading hf_xet-1.6.0-cp38-abi3-manylinux2014_x86_64.manylinux_2_17_x86_64.whl.metadata (4.9 kB)
Collecting httpx2<3,>=2.0.0 (from huggingface-hub)
  Downloading httpx2-2.13.1-py3-none-any.whl.metadata (9.8 kB)
Requirement already satisfied: typing-extensions>=4.1.0 in /usr/lib/python3/dist-packages (from huggingface-hub) (4.10.0)
Collecting anyio>=4.10 (from httpx2<3,>=2.0.0->huggingface-hub)
  Downloading anyio-4.15.1-py3-none-any.whl.metadata (4.7 kB)
Collecting httpcore2==2.13.1 (from httpx2<3,>=2.0.0->huggingface-hub)
  Downloading httpcore2-2.13.1-py3-none-any.whl.metadata (26 kB)
Collecting idna>=3.18 (from httpx2<3,>=2.0.0->huggingface-hub)
  Downloading idna-3.20-py3-none-any.whl.metadata (7.2 kB)
Collecting truststore>=0.10 (from httpx2<3,>=2.0.0->huggingface-hub)
  Downloading truststore-0.10.4-py3-none-any.whl.metadata (4.4 kB)
Collecting h11>=0.16 (from httpcore2==2.13.1->httpx2<3,>=2.0.0->huggingface-hub)
  Downloading h11-0.16.0-py3-none-any.whl.metadata (8.3 kB)
Collecting huggingface-hub
  Downloading huggingface_hub-1.33.0-py3-none-any.whl.metadata (16 kB)
Collecting httpx<1,>=0.23.0 (from huggingface-hub)
  Downloading httpx-0.28.1-py3-none-any.whl.metadata (7.1 kB)
Requirement already satisfied: certifi in /usr/lib/python3/dist-packages (from httpx<1,>=0.23.0->huggingface-hub) (2023.11.17)
Collecting httpcore==1.* (from httpx<1,>=0.23.0->huggingface-hub)
  Downloading httpcore-1.0.9-py3-none-any.whl.metadata (21 kB)
Collecting setuptools>=77.0.3 (from torch)
  Downloading setuptools-84.0.0-py3-none-any.whl.metadata (6.6 kB)
Collecting sympy>=1.13.3 (from torch)
  Downloading sympy-1.14.0-py3-none-any.whl.metadata (12 kB)
Collecting networkx>=2.5.1 (from torch)
  Downloading networkx-3.7-py3-none-any.whl.metadata (6.7 kB)
Requirement already satisfied: jinja2 in /usr/lib/python3/dist-packages (from torch) (3.1.2)
Collecting cuda-toolkit==13.0.3 (from cuda-toolkit[cublas,cudart,cufft,cufile,cupti,curand,cusolver,cusparse,nvjitlink,nvrtc,nvtx]==13.0.3; platform_system == "Linux"->torch)
  Downloading cuda_toolkit-13.0.3.0-py2.py3-none-any.whl.metadata (17 kB)
Collecting cuda-bindings<14,>=13.0.3 (from torch)
  Downloading cuda_bindings-13.4.3-cp312-cp312-manylinux_2_24_x86_64.manylinux_2_28_x86_64.whl.metadata (2.4 kB)
Collecting nvidia-cudnn-cu13==9.24.0.43 (from torch)
  Downloading nvidia_cudnn_cu13-9.24.0.43-py3-none-manylinux_2_27_x86_64.whl.metadata (1.9 kB)
Collecting nvidia-cusparselt-cu13==0.8.1 (from torch)
  Downloading nvidia_cusparselt_cu13-0.8.1-py3-none-manylinux2014_x86_64.whl.metadata (12 kB)
Collecting nvidia-nccl-cu13==2.30.7 (from torch)
  Downloading nvidia_nccl_cu13-2.30.7-py3-none-manylinux_2_18_x86_64.whl.metadata (2.1 kB)
Collecting nvidia-nvshmem-cu13==3.4.5 (from torch)
  Downloading nvidia_nvshmem_cu13-3.4.5-py3-none-manylinux2014_x86_64.manylinux_2_17_x86_64.whl.metadata (2.1 kB)
Collecting triton~=3.8.0 (from torch)
  Downloading triton-3.8.0-cp312-cp312-manylinux_2_27_x86_64.manylinux_2_28_x86_64.whl.metadata (978 bytes)
Collecting nvidia-cublas==13.1.1.3.* (from cuda-toolkit[cublas,cudart,cufft,cufile,cupti,curand,cusolver,cusparse,nvjitlink,nvrtc,nvtx]==13.0.3; platform_system == "Linux"->torch)
  Downloading nvidia_cublas-13.1.1.3-py3-none-manylinux_2_27_x86_64.whl.metadata (1.8 kB)
Collecting nvidia-cuda-nvrtc==13.0.88.* (from cuda-toolkit[cublas,cudart,cufft,cufile,cupti,curand,cusolver,cusparse,nvjitlink,nvrtc,nvtx]==13.0.3; platform_system == "Linux"->torch)
  Downloading nvidia_cuda_nvrtc-13.0.88-py3-none-manylinux2010_x86_64.manylinux_2_12_x86_64.whl.metadata (1.7 kB)
Collecting nvidia-cuda-runtime==13.0.96.* (from cuda-toolkit[cublas,cudart,cufft,cufile,cupti,curand,cusolver,cusparse,nvjitlink,nvrtc,nvtx]==13.0.3; platform_system == "Linux"->torch)
  Downloading nvidia_cuda_runtime-13.0.96-py3-none-manylinux2014_x86_64.manylinux_2_17_x86_64.whl.metadata (1.7 kB)
Collecting nvidia-cufft==12.0.0.61.* (from cuda-toolkit[cublas,cudart,cufft,cufile,cupti,curand,cusolver,cusparse,nvjitlink,nvrtc,nvtx]==13.0.3; platform_system == "Linux"->torch)
  Downloading nvidia_cufft-12.0.0.61-py3-none-manylinux2014_x86_64.manylinux_2_17_x86_64.whl.metadata (1.8 kB)
Collecting nvidia-nvjitlink<14,>=13.0.88 (from cuda-toolkit[cublas,cudart,cufft,cufile,cupti,curand,cusolver,cusparse,nvjitlink,nvrtc,nvtx]==13.0.3; platform_system == "Linux"->torch)
  Downloading nvidia_nvjitlink-13.4.92-py3-none-manylinux2010_x86_64.manylinux_2_12_x86_64.whl.metadata (1.8 kB)
Collecting nvidia-cufile==1.15.1.6.* (from cuda-toolkit[cublas,cudart,cufft,cufile,cupti,curand,cusolver,cusparse,nvjitlink,nvrtc,nvtx]==13.0.3; platform_system == "Linux"->torch)
  Downloading nvidia_cufile-1.15.1.6-py3-none-manylinux2014_x86_64.manylinux_2_17_x86_64.whl.metadata (1.7 kB)
Collecting nvidia-cuda-cupti==13.0.85.* (from cuda-toolkit[cublas,cudart,cufft,cufile,cupti,curand,cusolver,cusparse,nvjitlink,nvrtc,nvtx]==13.0.3; platform_system == "Linux"->torch)
  Downloading nvidia_cuda_cupti-13.0.85-py3-none-manylinux_2_25_x86_64.whl.metadata (1.7 kB)
Collecting nvidia-curand==10.4.0.35.* (from cuda-toolkit[cublas,cudart,cufft,cufile,cupti,curand,cusolver,cusparse,nvjitlink,nvrtc,nvtx]==13.0.3; platform_system == "Linux"->torch)
  Downloading nvidia_curand-10.4.0.35-py3-none-manylinux_2_27_x86_64.whl.metadata (1.7 kB)
Collecting nvidia-cusolver==12.0.4.66.* (from cuda-toolkit[cublas,cudart,cufft,cufile,cupti,curand,cusolver,cusparse,nvjitlink,nvrtc,nvtx]==13.0.3; platform_system == "Linux"->torch)
  Downloading nvidia_cusolver-12.0.4.66-py3-none-manylinux_2_27_x86_64.whl.metadata (1.8 kB)
Collecting nvidia-cusparse==12.6.3.3.* (from cuda-toolkit[cublas,cudart,cufft,cufile,cupti,curand,cusolver,cusparse,nvjitlink,nvrtc,nvtx]==13.0.3; platform_system == "Linux"->torch)
  Downloading nvidia_cusparse-12.6.3.3-py3-none-manylinux2014_x86_64.manylinux_2_17_x86_64.whl.metadata (1.8 kB)
Collecting nvidia-nvtx==13.0.85.* (from cuda-toolkit[cublas,cudart,cufft,cufile,cupti,curand,cusolver,cusparse,nvjitlink,nvrtc,nvtx]==13.0.3; platform_system == "Linux"->torch)
  Downloading nvidia_nvtx-13.0.85-py3-none-manylinux1_x86_64.manylinux_2_5_x86_64.whl.metadata (1.8 kB)
Collecting cuda-pathfinder>=1.4.2 (from cuda-bindings<14,>=13.0.3->torch)
  Downloading cuda_pathfinder-1.8.2-py3-none-any.whl.metadata (1.9 kB)
Collecting psutil (from accelerate)
  Downloading psutil-7.2.2-cp36-abi3-manylinux2010_x86_64.manylinux_2_12_x86_64.manylinux_2_28_x86_64.whl.metadata (22 kB)
Collecting typing-extensions>=4.5.0 (from httpx2<3,>=2.0.0->huggingface-hub)
  Downloading typing_extensions-4.16.0-py3-none-any.whl.metadata (3.3 kB)
Collecting mpmath<1.4,>=1.1.0 (from sympy>=1.13.3->torch)
  Downloading mpmath-1.3.0-py3-none-any.whl.metadata (8.6 kB)
Collecting shellingham>=1.3.0 (from typer->transformers>=4.51)
  Downloading shellingham-1.5.4-py2.py3-none-any.whl.metadata (3.5 kB)
Collecting rich>=13.8.0 (from typer->transformers>=4.51)
  Downloading rich-15.0.0-py3-none-any.whl.metadata (18 kB)
Collecting annotated-doc>=0.0.2 (from typer->transformers>=4.51)
  Downloading annotated_doc-0.0.5-py3-none-any.whl.metadata (6.5 kB)
Requirement already satisfied: markdown-it-py>=2.2.0 in /usr/lib/python3/dist-packages (from rich>=13.8.0->typer->transformers>=4.51) (3.0.0)
Requirement already satisfied: pygments<3.0.0,>=2.13.0 in /usr/lib/python3/dist-packages (from rich>=13.8.0->typer->transformers>=4.51) (2.17.2)
Requirement already satisfied: mdurl~=0.1 in /usr/lib/python3/dist-packages (from markdown-it-py>=2.2.0->rich>=13.8.0->typer->transformers>=4.51) (0.1.2)
Downloading transformers-5.18.0-py3-none-any.whl (12.6 MB)
   ━━━━━━━━━━━━━━━━━━━━━━━━━━━━━━━━━━━━━━━━ 12.6/12.6 MB 31.3 MB/s  0:00:00
Downloading click-8.5.0-py3-none-any.whl (125 kB)
Downloading hf_xet-1.6.0-cp38-abi3-manylinux2014_x86_64.manylinux_2_17_x86_64.whl (4.5 MB)
   ━━━━━━━━━━━━━━━━━━━━━━━━━━━━━━━━━━━━━━━━ 4.5/4.5 MB 270.8 MB/s  0:00:00
Downloading tokenizers-0.23.2-cp310-abi3-manylinux_2_17_x86_64.manylinux2014_x86_64.whl (3.4 MB)
   ━━━━━━━━━━━━━━━━━━━━━━━━━━━━━━━━━━━━━━━━ 3.4/3.4 MB 269.1 MB/s  0:00:00
Downloading huggingface_hub-1.33.0-py3-none-any.whl (846 kB)
   ━━━━━━━━━━━━━━━━━━━━━━━━━━━━━━━━━━━━━━━━ 846.4/846.4 kB 172.1 MB/s  0:00:00
Downloading httpx-0.28.1-py3-none-any.whl (73 kB)
Downloading httpcore-1.0.9-py3-none-any.whl (78 kB)
Downloading torch-2.14.1-cp312-cp312-manylinux_2_28_x86_64.whl (554.6 MB)
   ━━━━━━━━━━━━━━━━━━━━━━━━━━━━━━━━━━━━━━━━ 554.6/554.6 MB 88.9 MB/s  0:00:04
Downloading cuda_toolkit-13.0.3.0-py2.py3-none-any.whl (2.5 kB)
Downloading nvidia_cudnn_cu13-9.24.0.43-py3-none-manylinux_2_27_x86_64.whl (553.1 MB)
   ━━━━━━━━━━━━━━━━━━━━━━━━━━━━━━━━━━━━━━━━ 553.1/553.1 MB 83.4 MB/s  0:00:04
Downloading nvidia_cusparselt_cu13-0.8.1-py3-none-manylinux2014_x86_64.whl (170.1 MB)
   ━━━━━━━━━━━━━━━━━━━━━━━━━━━━━━━━━━━━━━━━ 170.1/170.1 MB 192.8 MB/s  0:00:00
Downloading nvidia_nccl_cu13-2.30.7-py3-none-manylinux_2_18_x86_64.whl (216.0 MB)
   ━━━━━━━━━━━━━━━━━━━━━━━━━━━━━━━━━━━━━━━━ 216.0/216.0 MB 179.5 MB/s  0:00:01
Downloading nvidia_nvshmem_cu13-3.4.5-py3-none-manylinux2014_x86_64.manylinux_2_17_x86_64.whl (60.4 MB)
   ━━━━━━━━━━━━━━━━━━━━━━━━━━━━━━━━━━━━━━━━ 60.4/60.4 MB 214.8 MB/s  0:00:00
Downloading cuda_bindings-13.4.3-cp312-cp312-manylinux_2_24_x86_64.manylinux_2_28_x86_64.whl (7.2 MB)
   ━━━━━━━━━━━━━━━━━━━━━━━━━━━━━━━━━━━━━━━━ 7.2/7.2 MB 275.4 MB/s  0:00:00
Downloading nvidia_cublas-13.1.1.3-py3-none-manylinux_2_27_x86_64.whl (423.1 MB)
   ━━━━━━━━━━━━━━━━━━━━━━━━━━━━━━━━━━━━━━━━ 423.1/423.1 MB 85.2 MB/s  0:00:03
Downloading nvidia_cuda_cupti-13.0.85-py3-none-manylinux_2_25_x86_64.whl (10.7 MB)
   ━━━━━━━━━━━━━━━━━━━━━━━━━━━━━━━━━━━━━━━━ 10.7/10.7 MB 276.6 MB/s  0:00:00
Downloading nvidia_cuda_nvrtc-13.0.88-py3-none-manylinux2010_x86_64.manylinux_2_12_x86_64.whl (90.2 MB)
   ━━━━━━━━━━━━━━━━━━━━━━━━━━━━━━━━━━━━━━━━ 90.2/90.2 MB 211.1 MB/s  0:00:00
Downloading nvidia_cuda_runtime-13.0.96-py3-none-manylinux2014_x86_64.manylinux_2_17_x86_64.whl (2.2 MB)
   ━━━━━━━━━━━━━━━━━━━━━━━━━━━━━━━━━━━━━━━━ 2.2/2.2 MB 280.8 MB/s  0:00:00
Downloading nvidia_cufft-12.0.0.61-py3-none-manylinux2014_x86_64.manylinux_2_17_x86_64.whl (214.1 MB)
   ━━━━━━━━━━━━━━━━━━━━━━━━━━━━━━━━━━━━━━━━ 214.1/214.1 MB 182.7 MB/s  0:00:01
Downloading nvidia_cufile-1.15.1.6-py3-none-manylinux2014_x86_64.manylinux_2_17_x86_64.whl (1.2 MB)
   ━━━━━━━━━━━━━━━━━━━━━━━━━━━━━━━━━━━━━━━━ 1.2/1.2 MB 214.4 MB/s  0:00:00
Downloading nvidia_curand-10.4.0.35-py3-none-manylinux_2_27_x86_64.whl (59.5 MB)
   ━━━━━━━━━━━━━━━━━━━━━━━━━━━━━━━━━━━━━━━━ 59.5/59.5 MB 209.5 MB/s  0:00:00
Downloading nvidia_cusolver-12.0.4.66-py3-none-manylinux_2_27_x86_64.whl (200.9 MB)
   ━━━━━━━━━━━━━━━━━━━━━━━━━━━━━━━━━━━━━━━━ 200.9/200.9 MB 99.5 MB/s  0:00:02
Downloading nvidia_cusparse-12.6.3.3-py3-none-manylinux2014_x86_64.manylinux_2_17_x86_64.whl (145.9 MB)
   ━━━━━━━━━━━━━━━━━━━━━━━━━━━━━━━━━━━━━━━━ 145.9/145.9 MB 206.4 MB/s  0:00:00
Downloading nvidia_nvjitlink-13.4.92-py3-none-manylinux2010_x86_64.manylinux_2_12_x86_64.whl (42.5 MB)
   ━━━━━━━━━━━━━━━━━━━━━━━━━━━━━━━━━━━━━━━━ 42.5/42.5 MB 223.4 MB/s  0:00:00
Downloading nvidia_nvtx-13.0.85-py3-none-manylinux1_x86_64.manylinux_2_5_x86_64.whl (148 kB)
Downloading triton-3.8.0-cp312-cp312-manylinux_2_27_x86_64.manylinux_2_28_x86_64.whl (248.0 MB)
   ━━━━━━━━━━━━━━━━━━━━━━━━━━━━━━━━━━━━━━━━ 248.0/248.0 MB 113.7 MB/s  0:00:02
Downloading accelerate-1.15.0-py3-none-any.whl (394 kB)
Downloading anyio-4.15.1-py3-none-any.whl (132 kB)
Downloading cuda_pathfinder-1.8.2-py3-none-any.whl (62 kB)
Downloading fsspec-2026.9.0-py3-none-any.whl (221 kB)
Downloading h11-0.16.0-py3-none-any.whl (37 kB)
Downloading idna-3.20-py3-none-any.whl (69 kB)
Downloading networkx-3.7-py3-none-any.whl (2.1 MB)
   ━━━━━━━━━━━━━━━━━━━━━━━━━━━━━━━━━━━━━━━━ 2.1/2.1 MB 274.0 MB/s  0:00:00
Downloading numpy-2.5.3-cp312-cp312-manylinux_2_27_x86_64.manylinux_2_28_x86_64.whl (16.7 MB)
   ━━━━━━━━━━━━━━━━━━━━━━━━━━━━━━━━━━━━━━━━ 16.7/16.7 MB 231.6 MB/s  0:00:00
Downloading regex-2026.9.29-cp312-cp312-manylinux2014_x86_64.manylinux_2_17_x86_64.manylinux_2_28_x86_64.whl (807 kB)
   ━━━━━━━━━━━━━━━━━━━━━━━━━━━━━━━━━━━━━━━━ 807.8/807.8 kB 170.8 MB/s  0:00:00
Downloading safetensors-0.8.0-cp310-abi3-manylinux_2_17_x86_64.manylinux2014_x86_64.whl (516 kB)
Downloading setuptools-84.0.0-py3-none-any.whl (818 kB)
   ━━━━━━━━━━━━━━━━━━━━━━━━━━━━━━━━━━━━━━━━ 818.2/818.2 kB 106.4 MB/s  0:00:00
Downloading sympy-1.14.0-py3-none-any.whl (6.3 MB)
   ━━━━━━━━━━━━━━━━━━━━━━━━━━━━━━━━━━━━━━━━ 6.3/6.3 MB 288.5 MB/s  0:00:00
Downloading mpmath-1.3.0-py3-none-any.whl (536 kB)
   ━━━━━━━━━━━━━━━━━━━━━━━━━━━━━━━━━━━━━━━━ 536.2/536.2 kB 101.5 MB/s  0:00:00
Downloading tqdm-4.70.1-py3-none-any.whl (80 kB)
Downloading typing_extensions-4.16.0-py3-none-any.whl (45 kB)
Downloading psutil-7.2.2-cp36-abi3-manylinux2010_x86_64.manylinux_2_12_x86_64.manylinux_2_28_x86_64.whl (155 kB)
Downloading typer-0.27.2-py3-none-any.whl (123 kB)
Downloading annotated_doc-0.0.5-py3-none-any.whl (5.3 kB)
Downloading rich-15.0.0-py3-none-any.whl (310 kB)
Downloading shellingham-1.5.4-py2.py3-none-any.whl (9.8 kB)
Installing collected packages: nvidia-cusparselt-cu13, mpmath, cuda-toolkit, typing-extensions, triton, tqdm, sympy, shellingham, setuptools, safetensors, regex, psutil, nvidia-nvtx, nvidia-nvshmem-cu13, nvidia-nvjitlink, nvidia-nccl-cu13, nvidia-curand, nvidia-cufile, nvidia-cuda-runtime, nvidia-cuda-nvrtc, nvidia-cuda-cupti, numpy, networkx, idna, hf-xet, h11, fsspec, cuda-pathfinder, click, annotated-doc, rich, nvidia-cusparse, nvidia-cufft, nvidia-cublas, httpcore, cuda-bindings, anyio, typer, nvidia-cusolver, nvidia-cudnn-cu13, httpx, huggingface-hub, torch, tokenizers, transformers, accelerate

Successfully installed accelerate-1.15.0 annotated-doc-0.0.5 anyio-4.15.1 click-8.5.0 cuda-bindings-13.4.3 cuda-pathfinder-1.8.2 cuda-toolkit-13.0.3.0 fsspec-2026.9.0 h11-0.16.0 hf-xet-1.6.0 httpcore-1.0.9 httpx-0.28.1 huggingface-hub-1.33.0 idna-3.20 mpmath-1.3.0 networkx-3.7 numpy-2.5.3 nvidia-cublas-13.1.1.3 nvidia-cuda-cupti-13.0.85 nvidia-cuda-nvrtc-13.0.88 nvidia-cuda-runtime-13.0.96 nvidia-cudnn-cu13-9.24.0.43 nvidia-cufft-12.0.0.61 nvidia-cufile-1.15.1.6 nvidia-curand-10.4.0.35 nvidia-cusolver-12.0.4.66 nvidia-cusparse-12.6.3.3 nvidia-cusparselt-cu13-0.8.1 nvidia-nccl-cu13-2.30.7 nvidia-nvjitlink-13.4.92 nvidia-nvshmem-cu13-3.4.5 nvidia-nvtx-13.0.85 psutil-7.2.2 regex-2026.9.29 rich-15.0.0 safetensors-0.8.0 setuptools-84.0.0 shellingham-1.5.4 sympy-1.14.0 tokenizers-0.23.2 torch-2.14.1 tqdm-4.70.1 transformers-5.18.0 triton-3.8.0 typer-0.27.2 typing-extensions-4.16.0
Warning: You are sending unauthenticated requests to the HF Hub. Please set a HF_TOKEN to enable higher rate limits and faster downloads.
[transformers] `torch_dtype` is deprecated! Use `dtype` instead!
Loading weights:   0%|          | 0/310 [00:00<?, ?it/s]Loading weights:  40%|████      | 125/310 [00:00<00:00, 1152.75it/s]Loading weights:  78%|███████▊  | 241/310 [00:00<00:00, 1142.02it/s]Loading weights: 100%|██████████| 310/310 [00:00<00:00, 1072.02it/s]
{
  "schema": "PROJECT_BRAIN_C3_SKILLROUTER_FRESH_TERMINAL_DELTA_001_RESULT_V1",
  "status": "FRESH_ONE_SHOT_TERMINAL_DELTA__ZERO_CAPABILITY_CREDIT",
  "model": "pipizhao/SkillRouter-Reranker-0.6B",
  "model_revision": "78986e1142d12857cfd85b8005e62902cd42d858",
  "frozen_cases_commit": "28ab0f0a62e7ad23294945403639d9b6e42736df",
  "baseline": {
    "episodes": 15,
    "terminal_successes": 12,
    "terminal_success_rate": 0.8,
    "semantic_choice_episodes": 12,
    "semantic_terminal_success_rate": 0.75,
    "deterministic_filter_episodes": 3,
    "deterministic_filter_success_rate": 1.0,
    "mean_routing_latency_ms": 0.026296199996522773,
    "failures": [
      "fresh_total_expenses",
      "fresh_order_queue",
      "fresh_filename_only"
    ]
  },
  "skillrouter_batched": {
    "episodes": 15,
    "terminal_successes": 15,
    "terminal_success_rate": 1.0,
    "semantic_choice_episodes": 12,
    "semantic_terminal_success_rate": 1.0,
    "deterministic_filter_episodes": 3,
    "deterministic_filter_success_rate": 1.0,
    "mean_routing_latency_ms": 2535.918673133339,
    "failures": []
  },
  "terminal_success_delta": 0.19999999999999996,
  "semantic_terminal_success_delta": 0.25,
  "predeclared_gate": {
    "strict_terminal_improvement_required": true,
    "minimum_skillrouter_terminal_success_rate": 0.9,
    "deterministic_filter_success_rate_required": 1.0
  },
  "candidate_survives_fresh_gate": true,
  "candidate_disposition": "SURVIVES_FOR_INTERNALIZATION_EVALUATION",
  "capability_credit_delta": 0
}
{
  "schema": "PROJECT_BRAIN_C3_SKILLROUTER_FRESH_TERMINAL_DELTA_001_RESULT_V1",
  "status": "FRESH_ONE_SHOT_TERMINAL_DELTA__ZERO_CAPABILITY_CREDIT",
  "model": "pipizhao/SkillRouter-Reranker-0.6B",
  "model_revision": "78986e1142d12857cfd85b8005e62902cd42d858",
  "frozen_cases_commit": "28ab0f0a62e7ad23294945403639d9b6e42736df",
  "baseline": {
    "episodes": 15,
    "terminal_successes": 12,
    "terminal_success_rate": 0.8,
    "semantic_choice_episodes": 12,
    "semantic_terminal_success_rate": 0.75,
    "deterministic_filter_episodes": 3,
    "deterministic_filter_success_rate": 1.0,
    "mean_routing_latency_ms": 0.026296199996522773,
    "failures": [
      "fresh_total_expenses",
      "fresh_order_queue",
      "fresh_filename_only"
    ]
  },
  "skillrouter_batched": {
    "episodes": 15,
    "terminal_successes": 15,
    "terminal_success_rate": 1.0,
    "semantic_choice_episodes": 12,
    "semantic_terminal_success_rate": 1.0,
    "deterministic_filter_episodes": 3,
    "deterministic_filter_success_rate": 1.0,
    "mean_routing_latency_ms": 2535.918673133339,
    "failures": []
  },
  "terminal_success_delta": 0.19999999999999996,
  "semantic_terminal_success_delta": 0.25,
  "predeclared_gate": {
    "strict_terminal_improvement_required": true,
    "minimum_skillrouter_terminal_success_rate": 0.9,
    "deterministic_filter_success_rate_required": 1.0
  },
  "candidate_survives_fresh_gate": true,
  "candidate_disposition": "SURVIVES_FOR_INTERNALIZATION_EVALUATION",
  "baseline_rows": [
    {
      "id": "fresh_total_expenses",
      "selected_route": "mean_numbers",
      "decision_status": "SELECT",
      "eligible_route_ids": [
        "mean_numbers",
        "sum_numbers",
        "max_number",
        "sort_numbers"
      ],
      "terminal_success": false,
      "routing_latency_ms": 0.12873200000740326,
      "semantic_choice_required": true
    },
    {
      "id": "fresh_average_scores",
      "selected_route": "mean_numbers",
      "decision_status": "SELECT",
      "eligible_route_ids": [
        "median_numbers",
        "sum_numbers",
        "mean_numbers",
        "max_number"
      ],
      "terminal_success": true,
      "routing_latency_ms": 0.029906000008850242,
      "semantic_choice_required": true
    },
    {
      "id": "fresh_middle_value",
      "selected_route": "median_numbers",
      "decision_status": "SELECT",
      "eligible_route_ids": [
        "mean_numbers",
        "median_numbers",
        "max_number",
        "sort_numbers"
      ],
      "terminal_success": true,
      "routing_latency_ms": 0.02368499997373874,
      "semantic_choice_required": true
    },
    {
      "id": "fresh_highest_temperature",
      "selected_route": "max_number",
      "decision_status": "SELECT",
      "eligible_route_ids": [
        "sort_numbers",
        "mean_numbers",
        "max_number",
        "sum_numbers"
      ],
      "terminal_success": true,
      "routing_latency_ms": 0.022211999976207153,
      "semantic_choice_required": true
    },
    {
      "id": "fresh_order_queue",
      "selected_route": "max_number",
      "decision_status": "SELECT",
      "eligible_route_ids": [
        "max_number",
        "sort_numbers",
        "unique_items",
        "sum_numbers"
      ],
      "terminal_success": false,
      "routing_latency_ms": 0.022462999993422272,
      "semantic_choice_required": true
    },
    {
      "id": "fresh_unique_labels",
      "selected_route": "unique_items",
      "decision_status": "SELECT",
      "eligible_route_ids": [
        "sort_text",
        "unique_items",
        "count_words",
        "reverse_text"
      ],
      "terminal_success": true,
      "routing_latency_ms": 0.020297999981266912,
      "semantic_choice_required": true
    },
    {
      "id": "fresh_filename_only",
      "selected_route": "extension_path",
      "decision_status": "SELECT",
      "eligible_route_ids": [
        "extension_path",
        "basename_path",
        "count_words",
        "sha256_text"
      ],
      "terminal_success": false,
      "routing_latency_ms": 0.02491600002940686,
      "semantic_choice_required": true
    },
    {
      "id": "fresh_extension_only",
      "selected_route": "extension_path",
      "decision_status": "SELECT",
      "eligible_route_ids": [
        "basename_path",
        "extension_path",
        "json_key",
        "count_lines"
      ],
      "terminal_success": true,
      "routing_latency_ms": 0.022172000001319248,
      "semantic_choice_required": true
    },
    {
      "id": "fresh_json_state",
      "selected_route": "json_key",
      "decision_status": "SELECT",
      "eligible_route_ids": [
        "basename_path",
        "unique_items",
        "json_key",
        "count_words"
      ],
      "terminal_success": true,
      "routing_latency_ms": 0.0217709999787985,
      "semantic_choice_required": true
    },
    {
      "id": "fresh_mileage",
      "selected_route": "km_to_miles",
      "decision_status": "SELECT",
      "eligible_route_ids": [
        "c_to_f",
        "mean_numbers",
        "km_to_miles",
        "sum_numbers"
      ],
      "terminal_success": true,
      "routing_latency_ms": 0.02068899999585483,
      "semantic_choice_required": true
    },
    {
      "id": "fresh_fahrenheit",
      "selected_route": "c_to_f",
      "decision_status": "SELECT",
      "eligible_route_ids": [
        "km_to_miles",
        "c_to_f",
        "max_number",
        "mean_numbers"
      ],
      "terminal_success": true,
      "routing_latency_ms": 0.024204999988342024,
      "semantic_choice_required": true
    },
    {
      "id": "fresh_digest",
      "selected_route": "sha256_text",
      "decision_status": "SELECT",
      "eligible_route_ids": [
        "reverse_text",
        "sha256_text",
        "uppercase_text",
        "count_words"
      ],
      "terminal_success": true,
      "routing_latency_ms": 0.022051000030387513,
      "semantic_choice_required": true
    },
    {
      "id": "fresh_provider_exact",
      "selected_route": "dropbox_search",
      "decision_status": "SELECT",
      "eligible_route_ids": [
        "dropbox_search"
      ],
      "terminal_success": true,
      "routing_latency_ms": 0.004379000017706858,
      "semantic_choice_required": false
    },
    {
      "id": "fresh_provider_missing",
      "selected_route": null,
      "decision_status": "ESCALATE",
      "eligible_route_ids": [],
      "terminal_success": true,
      "routing_latency_ms": 0.003907999996499711,
      "semantic_choice_required": false
    },
    {
      "id": "fresh_provider_denied",
      "selected_route": null,
      "decision_status": "ESCALATE",
      "eligible_route_ids": [],
      "terminal_success": true,
      "routing_latency_ms": 0.0030559999686374795,
      "semantic_choice_required": false
    }
  ],
  "skillrouter_batched_rows": [
    {
      "id": "fresh_total_expenses",
      "selected_route": "sum_numbers",
      "decision_status": "SELECT",
      "eligible_route_ids": [
        "mean_numbers",
        "sum_numbers",
        "max_number",
        "sort_numbers"
      ],
      "terminal_success": true,
      "routing_latency_ms": 3178.4175720000007,
      "semantic_choice_required": true
    },
    {
      "id": "fresh_average_scores",
      "selected_route": "mean_numbers",
      "decision_status": "SELECT",
      "eligible_route_ids": [
        "median_numbers",
        "sum_numbers",
        "mean_numbers",
        "max_number"
      ],
      "terminal_success": true,
      "routing_latency_ms": 3143.3619240000326,
      "semantic_choice_required": true
    },
    {
      "id": "fresh_middle_value",
      "selected_route": "median_numbers",
      "decision_status": "SELECT",
      "eligible_route_ids": [
        "mean_numbers",
        "median_numbers",
        "max_number",
        "sort_numbers"
      ],
      "terminal_success": true,
      "routing_latency_ms": 3118.5732760000064,
      "semantic_choice_required": true
    },
    {
      "id": "fresh_highest_temperature",
      "selected_route": "max_number",
      "decision_status": "SELECT",
      "eligible_route_ids": [
        "sort_numbers",
        "mean_numbers",
        "max_number",
        "sum_numbers"
      ],
      "terminal_success": true,
      "routing_latency_ms": 3130.6913959999747,
      "semantic_choice_required": true
    },
    {
      "id": "fresh_order_queue",
      "selected_route": "sort_numbers",
      "decision_status": "SELECT",
      "eligible_route_ids": [
        "max_number",
        "sort_numbers",
        "unique_items",
        "sum_numbers"
      ],
      "terminal_success": true,
      "routing_latency_ms": 3151.135635000003,
      "semantic_choice_required": true
    },
    {
      "id": "fresh_unique_labels",
      "selected_route": "unique_items",
      "decision_status": "SELECT",
      "eligible_route_ids": [
        "sort_text",
        "unique_items",
        "count_words",
        "reverse_text"
      ],
      "terminal_success": true,
      "routing_latency_ms": 3140.105742000003,
      "semantic_choice_required": true
    },
    {
      "id": "fresh_filename_only",
      "selected_route": "basename_path",
      "decision_status": "SELECT",
      "eligible_route_ids": [
        "extension_path",
        "basename_path",
        "count_words",
        "sha256_text"
      ],
      "terminal_success": true,
      "routing_latency_ms": 3306.8469130000153,
      "semantic_choice_required": true
    },
    {
      "id": "fresh_extension_only",
      "selected_route": "extension_path",
      "decision_status": "SELECT",
      "eligible_route_ids": [
        "basename_path",
        "extension_path",
        "json_key",
        "count_lines"
      ],
      "terminal_success": true,
      "routing_latency_ms": 3196.2801060000174,
      "semantic_choice_required": true
    },
    {
      "id": "fresh_json_state",
      "selected_route": "json_key",
      "decision_status": "SELECT",
      "eligible_route_ids": [
        "basename_path",
        "unique_items",
        "json_key",
        "count_words"
      ],
      "terminal_success": true,
      "routing_latency_ms": 3190.4119179999952,
      "semantic_choice_required": true
    },
    {
      "id": "fresh_mileage",
      "selected_route": "km_to_miles",
      "decision_status": "SELECT",
      "eligible_route_ids": [
        "c_to_f",
        "mean_numbers",
        "km_to_miles",
        "sum_numbers"
      ],
      "terminal_success": true,
      "routing_latency_ms": 3161.297758000046,
      "semantic_choice_required": true
    },
    {
      "id": "fresh_fahrenheit",
      "selected_route": "c_to_f",
      "decision_status": "SELECT",
      "eligible_route_ids": [
        "km_to_miles",
        "c_to_f",
        "max_number",
        "mean_numbers"
      ],
      "terminal_success": true,
      "routing_latency_ms": 3017.9329809999444,
      "semantic_choice_required": true
    },
    {
      "id": "fresh_digest",
      "selected_route": "sha256_text",
      "decision_status": "SELECT",
      "eligible_route_ids": [
        "reverse_text",
        "sha256_text",
        "uppercase_text",
        "count_words"
      ],
      "terminal_success": true,
      "routing_latency_ms": 3303.7074130000974,
      "semantic_choice_required": true
    },
    {
      "id": "fresh_provider_exact",
      "selected_route": "dropbox_search",
      "decision_status": "SELECT",
      "eligible_route_ids": [
        "dropbox_search"
      ],
      "terminal_success": true,
      "routing_latency_ms": 0.010158999998566287,
      "semantic_choice_required": false
    },
    {
      "id": "fresh_provider_missing",
      "selected_route": null,
      "decision_status": "ESCALATE",
      "eligible_route_ids": [],
      "terminal_success": true,
      "routing_latency_ms": 0.004207999950267549,
      "semantic_choice_required": false
    },
    {
      "id": "fresh_provider_denied",
      "selected_route": null,
      "decision_status": "ESCALATE",
      "eligible_route_ids": [],
      "terminal_success": true,
      "routing_latency_ms": 0.0030960000003688037,
      "semantic_choice_required": false
    }
  ],
  "capability_credit_delta": 0
}
