Defaulting to user installation because normal site-packages is not writeable
Requirement already satisfied: pip in /usr/lib/python3/dist-packages (24.0)
Collecting pip
  Downloading pip-26.2.1-py3-none-any.whl.metadata (4.6 kB)
Downloading pip-26.2.1-py3-none-any.whl (1.8 MB)
   ━━━━━━━━━━━━━━━━━━━━━━━━━━━━━━━━━━━━━━━━ 1.8/1.8 MB 55.0 MB/s eta 0:00:00
Installing collected packages: pip
Successfully installed pip-26.2.1
Defaulting to user installation because normal site-packages is not writeable
Collecting transformers>=4.51
  Downloading transformers-5.18.0-py3-none-any.whl.metadata (32 kB)
Collecting torch
  Downloading torch-2.14.1-cp312-cp312-manylinux_2_28_x86_64.whl.metadata (37 kB)
Collecting huggingface-hub
  Downloading huggingface_hub-2.0.0-py3-none-any.whl.metadata (16 kB)
Collecting accelerate
  Downloading accelerate-1.15.0-py3-none-any.whl.metadata (19 kB)
Collecting numpy>=1.17 (from transformers>=4.51)
  Downloading numpy-2.5.3-cp312-cp312-manylinux_2_27_x86_64.manylinux_2_28_x86_64.whl.metadata (6.6 kB)
Requirement already satisfied: packaging>=20.0 in /usr/lib/python3/dist-packages (from transformers>=4.51) (24.0)
Requirement already satisfied: pyyaml>=5.1 in /usr/lib/python3/dist-packages (from transformers>=4.51) (6.0.1)
Collecting regex>=2025.10.22 (from transformers>=4.51)
  Downloading regex-2026.9.29-cp312-cp312-manylinux2014_x86_64.manylinux_2_17_x86_64.manylinux_2_28_x86_64.whl.metadata (40 kB)
Collecting tokenizers<0.24.0,>=0.23.1 (from transformers>=4.51)
  Downloading tokenizers-0.23.2-cp310-abi3-manylinux_2_17_x86_64.manylinux2014_x86_64.whl.metadata (9.8 kB)
Collecting typer (from transformers>=4.51)
  Downloading typer-0.27.2-py3-none-any.whl.metadata (16 kB)
Collecting safetensors>=0.8.0 (from transformers>=4.51)
  Downloading safetensors-0.8.0-cp310-abi3-manylinux_2_17_x86_64.manylinux2014_x86_64.whl.metadata (4.2 kB)
Collecting tqdm>=4.60 (from transformers>=4.51)
  Downloading tqdm-4.70.1-py3-none-any.whl.metadata (57 kB)
Collecting click<9.0.0,>=8.4.2 (from huggingface-hub)
  Downloading click-8.5.0-py3-none-any.whl.metadata (2.6 kB)
Requirement already satisfied: filelock>=3.10.0 in /usr/local/lib/python3.12/dist-packages (from huggingface-hub) (4.0.4)
Collecting fsspec>=2023.5.0 (from huggingface-hub)
  Downloading fsspec-2026.9.0-py3-none-any.whl.metadata (10 kB)
Collecting hf-xet<2.0.0,>=1.6.0 (from huggingface-hub)
  Downloading hf_xet-1.6.0-cp38-abi3-manylinux2014_x86_64.manylinux_2_17_x86_64.whl.metadata (4.9 kB)
Collecting httpx2<3,>=2.0.0 (from huggingface-hub)
  Downloading httpx2-2.13.1-py3-none-any.whl.metadata (9.8 kB)
Requirement already satisfied: typing-extensions>=4.1.0 in /usr/lib/python3/dist-packages (from huggingface-hub) (4.10.0)
Collecting anyio>=4.10 (from httpx2<3,>=2.0.0->huggingface-hub)
  Downloading anyio-4.15.1-py3-none-any.whl.metadata (4.7 kB)
Collecting httpcore2==2.13.1 (from httpx2<3,>=2.0.0->huggingface-hub)
  Downloading httpcore2-2.13.1-py3-none-any.whl.metadata (26 kB)
Collecting idna>=3.18 (from httpx2<3,>=2.0.0->huggingface-hub)
  Downloading idna-3.20-py3-none-any.whl.metadata (7.2 kB)
Collecting truststore>=0.10 (from httpx2<3,>=2.0.0->huggingface-hub)
  Downloading truststore-0.10.4-py3-none-any.whl.metadata (4.4 kB)
Collecting h11>=0.16 (from httpcore2==2.13.1->httpx2<3,>=2.0.0->huggingface-hub)
  Downloading h11-0.16.0-py3-none-any.whl.metadata (8.3 kB)
Collecting huggingface-hub
  Downloading huggingface_hub-1.33.0-py3-none-any.whl.metadata (16 kB)
Collecting httpx<1,>=0.23.0 (from huggingface-hub)
  Downloading httpx-0.28.1-py3-none-any.whl.metadata (7.1 kB)
Requirement already satisfied: certifi in /usr/lib/python3/dist-packages (from httpx<1,>=0.23.0->huggingface-hub) (2023.11.17)
Collecting httpcore==1.* (from httpx<1,>=0.23.0->huggingface-hub)
  Downloading httpcore-1.0.9-py3-none-any.whl.metadata (21 kB)
Collecting setuptools>=77.0.3 (from torch)
  Downloading setuptools-84.0.0-py3-none-any.whl.metadata (6.6 kB)
Collecting sympy>=1.13.3 (from torch)
  Downloading sympy-1.14.0-py3-none-any.whl.metadata (12 kB)
Collecting networkx>=2.5.1 (from torch)
  Downloading networkx-3.7-py3-none-any.whl.metadata (6.7 kB)
Requirement already satisfied: jinja2 in /usr/lib/python3/dist-packages (from torch) (3.1.2)
Collecting cuda-toolkit==13.0.3 (from cuda-toolkit[cublas,cudart,cufft,cufile,cupti,curand,cusolver,cusparse,nvjitlink,nvrtc,nvtx]==13.0.3; platform_system == "Linux"->torch)
  Downloading cuda_toolkit-13.0.3.0-py2.py3-none-any.whl.metadata (17 kB)
Collecting cuda-bindings<14,>=13.0.3 (from torch)
  Downloading cuda_bindings-13.4.3-cp312-cp312-manylinux_2_24_x86_64.manylinux_2_28_x86_64.whl.metadata (2.4 kB)
Collecting nvidia-cudnn-cu13==9.24.0.43 (from torch)
  Downloading nvidia_cudnn_cu13-9.24.0.43-py3-none-manylinux_2_27_x86_64.whl.metadata (1.9 kB)
Collecting nvidia-cusparselt-cu13==0.8.1 (from torch)
  Downloading nvidia_cusparselt_cu13-0.8.1-py3-none-manylinux2014_x86_64.whl.metadata (12 kB)
Collecting nvidia-nccl-cu13==2.30.7 (from torch)
  Downloading nvidia_nccl_cu13-2.30.7-py3-none-manylinux_2_18_x86_64.whl.metadata (2.1 kB)
Collecting nvidia-nvshmem-cu13==3.4.5 (from torch)
  Downloading nvidia_nvshmem_cu13-3.4.5-py3-none-manylinux2014_x86_64.manylinux_2_17_x86_64.whl.metadata (2.1 kB)
Collecting triton~=3.8.0 (from torch)
  Downloading triton-3.8.0-cp312-cp312-manylinux_2_27_x86_64.manylinux_2_28_x86_64.whl.metadata (978 bytes)
Collecting nvidia-cublas==13.1.1.3.* (from cuda-toolkit[cublas,cudart,cufft,cufile,cupti,curand,cusolver,cusparse,nvjitlink,nvrtc,nvtx]==13.0.3; platform_system == "Linux"->torch)
  Downloading nvidia_cublas-13.1.1.3-py3-none-manylinux_2_27_x86_64.whl.metadata (1.8 kB)
Collecting nvidia-cuda-nvrtc==13.0.88.* (from cuda-toolkit[cublas,cudart,cufft,cufile,cupti,curand,cusolver,cusparse,nvjitlink,nvrtc,nvtx]==13.0.3; platform_system == "Linux"->torch)
  Downloading nvidia_cuda_nvrtc-13.0.88-py3-none-manylinux2010_x86_64.manylinux_2_12_x86_64.whl.metadata (1.7 kB)
Collecting nvidia-cuda-runtime==13.0.96.* (from cuda-toolkit[cublas,cudart,cufft,cufile,cupti,curand,cusolver,cusparse,nvjitlink,nvrtc,nvtx]==13.0.3; platform_system == "Linux"->torch)
  Downloading nvidia_cuda_runtime-13.0.96-py3-none-manylinux2014_x86_64.manylinux_2_17_x86_64.whl.metadata (1.7 kB)
Collecting nvidia-cufft==12.0.0.61.* (from cuda-toolkit[cublas,cudart,cufft,cufile,cupti,curand,cusolver,cusparse,nvjitlink,nvrtc,nvtx]==13.0.3; platform_system == "Linux"->torch)
  Downloading nvidia_cufft-12.0.0.61-py3-none-manylinux2014_x86_64.manylinux_2_17_x86_64.whl.metadata (1.8 kB)
Collecting nvidia-nvjitlink<14,>=13.0.88 (from cuda-toolkit[cublas,cudart,cufft,cufile,cupti,curand,cusolver,cusparse,nvjitlink,nvrtc,nvtx]==13.0.3; platform_system == "Linux"->torch)
  Downloading nvidia_nvjitlink-13.4.92-py3-none-manylinux2010_x86_64.manylinux_2_12_x86_64.whl.metadata (1.8 kB)
Collecting nvidia-cufile==1.15.1.6.* (from cuda-toolkit[cublas,cudart,cufft,cufile,cupti,curand,cusolver,cusparse,nvjitlink,nvrtc,nvtx]==13.0.3; platform_system == "Linux"->torch)
  Downloading nvidia_cufile-1.15.1.6-py3-none-manylinux2014_x86_64.manylinux_2_17_x86_64.whl.metadata (1.7 kB)
Collecting nvidia-cuda-cupti==13.0.85.* (from cuda-toolkit[cublas,cudart,cufft,cufile,cupti,curand,cusolver,cusparse,nvjitlink,nvrtc,nvtx]==13.0.3; platform_system == "Linux"->torch)
  Downloading nvidia_cuda_cupti-13.0.85-py3-none-manylinux_2_25_x86_64.whl.metadata (1.7 kB)
Collecting nvidia-curand==10.4.0.35.* (from cuda-toolkit[cublas,cudart,cufft,cufile,cupti,curand,cusolver,cusparse,nvjitlink,nvrtc,nvtx]==13.0.3; platform_system == "Linux"->torch)
  Downloading nvidia_curand-10.4.0.35-py3-none-manylinux_2_27_x86_64.whl.metadata (1.7 kB)
Collecting nvidia-cusolver==12.0.4.66.* (from cuda-toolkit[cublas,cudart,cufft,cufile,cupti,curand,cusolver,cusparse,nvjitlink,nvrtc,nvtx]==13.0.3; platform_system == "Linux"->torch)
  Downloading nvidia_cusolver-12.0.4.66-py3-none-manylinux_2_27_x86_64.whl.metadata (1.8 kB)
Collecting nvidia-cusparse==12.6.3.3.* (from cuda-toolkit[cublas,cudart,cufft,cufile,cupti,curand,cusolver,cusparse,nvjitlink,nvrtc,nvtx]==13.0.3; platform_system == "Linux"->torch)
  Downloading nvidia_cusparse-12.6.3.3-py3-none-manylinux2014_x86_64.manylinux_2_17_x86_64.whl.metadata (1.8 kB)
Collecting nvidia-nvtx==13.0.85.* (from cuda-toolkit[cublas,cudart,cufft,cufile,cupti,curand,cusolver,cusparse,nvjitlink,nvrtc,nvtx]==13.0.3; platform_system == "Linux"->torch)
  Downloading nvidia_nvtx-13.0.85-py3-none-manylinux1_x86_64.manylinux_2_5_x86_64.whl.metadata (1.8 kB)
Collecting cuda-pathfinder>=1.4.2 (from cuda-bindings<14,>=13.0.3->torch)
  Downloading cuda_pathfinder-1.8.2-py3-none-any.whl.metadata (1.9 kB)
Collecting psutil (from accelerate)
  Downloading psutil-7.2.2-cp36-abi3-manylinux2010_x86_64.manylinux_2_12_x86_64.manylinux_2_28_x86_64.whl.metadata (22 kB)
Collecting typing-extensions>=4.5.0 (from httpx2<3,>=2.0.0->huggingface-hub)
  Downloading typing_extensions-4.16.0-py3-none-any.whl.metadata (3.3 kB)
Collecting mpmath<1.4,>=1.1.0 (from sympy>=1.13.3->torch)
  Downloading mpmath-1.3.0-py3-none-any.whl.metadata (8.6 kB)
Collecting shellingham>=1.3.0 (from typer->transformers>=4.51)
  Downloading shellingham-1.5.4-py2.py3-none-any.whl.metadata (3.5 kB)
Collecting rich>=13.8.0 (from typer->transformers>=4.51)
  Downloading rich-15.0.0-py3-none-any.whl.metadata (18 kB)
Collecting annotated-doc>=0.0.2 (from typer->transformers>=4.51)
  Downloading annotated_doc-0.0.5-py3-none-any.whl.metadata (6.5 kB)
Requirement already satisfied: markdown-it-py>=2.2.0 in /usr/lib/python3/dist-packages (from rich>=13.8.0->typer->transformers>=4.51) (3.0.0)
Requirement already satisfied: pygments<3.0.0,>=2.13.0 in /usr/lib/python3/dist-packages (from rich>=13.8.0->typer->transformers>=4.51) (2.17.2)
Requirement already satisfied: mdurl~=0.1 in /usr/lib/python3/dist-packages (from markdown-it-py>=2.2.0->rich>=13.8.0->typer->transformers>=4.51) (0.1.2)
Downloading transformers-5.18.0-py3-none-any.whl (12.6 MB)
   ━━━━━━━━━━━━━━━━━━━━━━━━━━━━━━━━━━━━━━━━ 12.6/12.6 MB 112.7 MB/s  0:00:00
Downloading click-8.5.0-py3-none-any.whl (125 kB)
Downloading hf_xet-1.6.0-cp38-abi3-manylinux2014_x86_64.manylinux_2_17_x86_64.whl (4.5 MB)
   ━━━━━━━━━━━━━━━━━━━━━━━━━━━━━━━━━━━━━━━━ 4.5/4.5 MB 152.4 MB/s  0:00:00
Downloading tokenizers-0.23.2-cp310-abi3-manylinux_2_17_x86_64.manylinux2014_x86_64.whl (3.4 MB)
   ━━━━━━━━━━━━━━━━━━━━━━━━━━━━━━━━━━━━━━━━ 3.4/3.4 MB 219.4 MB/s  0:00:00
Downloading huggingface_hub-1.33.0-py3-none-any.whl (846 kB)
   ━━━━━━━━━━━━━━━━━━━━━━━━━━━━━━━━━━━━━━━━ 846.4/846.4 kB 141.1 MB/s  0:00:00
Downloading httpx-0.28.1-py3-none-any.whl (73 kB)
Downloading httpcore-1.0.9-py3-none-any.whl (78 kB)
Downloading torch-2.14.1-cp312-cp312-manylinux_2_28_x86_64.whl (554.6 MB)
   ━━━━━━━━━━━━━━━━━━━━━━━━━━━━━━━━━━━━━━━━ 554.6/554.6 MB 41.7 MB/s  0:00:08
Downloading cuda_toolkit-13.0.3.0-py2.py3-none-any.whl (2.5 kB)
Downloading nvidia_cudnn_cu13-9.24.0.43-py3-none-manylinux_2_27_x86_64.whl (553.1 MB)
   ━━━━━━━━━━━━━━━━━━━━━━━━━━━━━━━━━━━━━━━━ 553.1/553.1 MB 39.9 MB/s  0:00:07
Downloading nvidia_cusparselt_cu13-0.8.1-py3-none-manylinux2014_x86_64.whl (170.1 MB)
   ━━━━━━━━━━━━━━━━━━━━━━━━━━━━━━━━━━━━━━━━ 170.1/170.1 MB 90.1 MB/s  0:00:01
Downloading nvidia_nccl_cu13-2.30.7-py3-none-manylinux_2_18_x86_64.whl (216.0 MB)
   ━━━━━━━━━━━━━━━━━━━━━━━━━━━━━━━━━━━━━━━━ 216.0/216.0 MB 114.0 MB/s  0:00:01
Downloading nvidia_nvshmem_cu13-3.4.5-py3-none-manylinux2014_x86_64.manylinux_2_17_x86_64.whl (60.4 MB)
   ━━━━━━━━━━━━━━━━━━━━━━━━━━━━━━━━━━━━━━━━ 60.4/60.4 MB 100.6 MB/s  0:00:00
Downloading cuda_bindings-13.4.3-cp312-cp312-manylinux_2_24_x86_64.manylinux_2_28_x86_64.whl (7.2 MB)
   ━━━━━━━━━━━━━━━━━━━━━━━━━━━━━━━━━━━━━━━━ 7.2/7.2 MB 24.6 MB/s  0:00:00
Downloading nvidia_cublas-13.1.1.3-py3-none-manylinux_2_27_x86_64.whl (423.1 MB)
   ━━━━━━━━━━━━━━━━━━━━━━━━━━━━━━━━━━━━━━━━ 423.1/423.1 MB 46.8 MB/s  0:00:05
Downloading nvidia_cuda_cupti-13.0.85-py3-none-manylinux_2_25_x86_64.whl (10.7 MB)
   ━━━━━━━━━━━━━━━━━━━━━━━━━━━━━━━━━━━━━━━━ 10.7/10.7 MB 136.3 MB/s  0:00:00
Downloading nvidia_cuda_nvrtc-13.0.88-py3-none-manylinux2010_x86_64.manylinux_2_12_x86_64.whl (90.2 MB)
   ━━━━━━━━━━━━━━━━━━━━━━━━━━━━━━━━━━━━━━━━ 90.2/90.2 MB 130.7 MB/s  0:00:00
Downloading nvidia_cuda_runtime-13.0.96-py3-none-manylinux2014_x86_64.manylinux_2_17_x86_64.whl (2.2 MB)
   ━━━━━━━━━━━━━━━━━━━━━━━━━━━━━━━━━━━━━━━━ 2.2/2.2 MB 145.3 MB/s  0:00:00
Downloading nvidia_cufft-12.0.0.61-py3-none-manylinux2014_x86_64.manylinux_2_17_x86_64.whl (214.1 MB)
   ━━━━━━━━━━━━━━━━━━━━━━━━━━━━━━━━━━━━━━━━ 214.1/214.1 MB 134.9 MB/s  0:00:01
Downloading nvidia_cufile-1.15.1.6-py3-none-manylinux2014_x86_64.manylinux_2_17_x86_64.whl (1.2 MB)
   ━━━━━━━━━━━━━━━━━━━━━━━━━━━━━━━━━━━━━━━━ 1.2/1.2 MB 217.3 MB/s  0:00:00
Downloading nvidia_curand-10.4.0.35-py3-none-manylinux_2_27_x86_64.whl (59.5 MB)
   ━━━━━━━━━━━━━━━━━━━━━━━━━━━━━━━━━━━━━━━━ 59.5/59.5 MB 104.3 MB/s  0:00:00
Downloading nvidia_cusolver-12.0.4.66-py3-none-manylinux_2_27_x86_64.whl (200.9 MB)
   ━━━━━━━━━━━━━━━━━━━━━━━━━━━━━━━━━━━━━━━━ 200.9/200.9 MB 71.4 MB/s  0:00:02
Downloading nvidia_cusparse-12.6.3.3-py3-none-manylinux2014_x86_64.manylinux_2_17_x86_64.whl (145.9 MB)
   ━━━━━━━━━━━━━━━━━━━━━━━━━━━━━━━━━━━━━━━━ 145.9/145.9 MB 128.4 MB/s  0:00:01
Downloading nvidia_nvjitlink-13.4.92-py3-none-manylinux2010_x86_64.manylinux_2_12_x86_64.whl (42.5 MB)
   ━━━━━━━━━━━━━━━━━━━━━━━━━━━━━━━━━━━━━━━━ 42.5/42.5 MB 120.0 MB/s  0:00:00
Downloading nvidia_nvtx-13.0.85-py3-none-manylinux1_x86_64.manylinux_2_5_x86_64.whl (148 kB)
Downloading triton-3.8.0-cp312-cp312-manylinux_2_27_x86_64.manylinux_2_28_x86_64.whl (248.0 MB)
   ━━━━━━━━━━━━━━━━━━━━━━━━━━━━━━━━━━━━━━━━ 248.0/248.0 MB 54.0 MB/s  0:00:04
Downloading accelerate-1.15.0-py3-none-any.whl (394 kB)
Downloading anyio-4.15.1-py3-none-any.whl (132 kB)
Downloading cuda_pathfinder-1.8.2-py3-none-any.whl (62 kB)
Downloading fsspec-2026.9.0-py3-none-any.whl (221 kB)
Downloading h11-0.16.0-py3-none-any.whl (37 kB)
Downloading idna-3.20-py3-none-any.whl (69 kB)
Downloading networkx-3.7-py3-none-any.whl (2.1 MB)
   ━━━━━━━━━━━━━━━━━━━━━━━━━━━━━━━━━━━━━━━━ 2.1/2.1 MB 332.8 MB/s  0:00:00
Downloading numpy-2.5.3-cp312-cp312-manylinux_2_27_x86_64.manylinux_2_28_x86_64.whl (16.7 MB)
   ━━━━━━━━━━━━━━━━━━━━━━━━━━━━━━━━━━━━━━━━ 16.7/16.7 MB 135.1 MB/s  0:00:00
Downloading regex-2026.9.29-cp312-cp312-manylinux2014_x86_64.manylinux_2_17_x86_64.manylinux_2_28_x86_64.whl (807 kB)
   ━━━━━━━━━━━━━━━━━━━━━━━━━━━━━━━━━━━━━━━━ 807.8/807.8 kB 206.4 MB/s  0:00:00
Downloading safetensors-0.8.0-cp310-abi3-manylinux_2_17_x86_64.manylinux2014_x86_64.whl (516 kB)
Downloading setuptools-84.0.0-py3-none-any.whl (818 kB)
   ━━━━━━━━━━━━━━━━━━━━━━━━━━━━━━━━━━━━━━━━ 818.2/818.2 kB 232.1 MB/s  0:00:00
Downloading sympy-1.14.0-py3-none-any.whl (6.3 MB)
   ━━━━━━━━━━━━━━━━━━━━━━━━━━━━━━━━━━━━━━━━ 6.3/6.3 MB 112.5 MB/s  0:00:00
Downloading mpmath-1.3.0-py3-none-any.whl (536 kB)
   ━━━━━━━━━━━━━━━━━━━━━━━━━━━━━━━━━━━━━━━━ 536.2/536.2 kB 142.1 MB/s  0:00:00
Downloading tqdm-4.70.1-py3-none-any.whl (80 kB)
Downloading typing_extensions-4.16.0-py3-none-any.whl (45 kB)
Downloading psutil-7.2.2-cp36-abi3-manylinux2010_x86_64.manylinux_2_12_x86_64.manylinux_2_28_x86_64.whl (155 kB)
Downloading typer-0.27.2-py3-none-any.whl (123 kB)
Downloading annotated_doc-0.0.5-py3-none-any.whl (5.3 kB)
Downloading rich-15.0.0-py3-none-any.whl (310 kB)
Downloading shellingham-1.5.4-py2.py3-none-any.whl (9.8 kB)
Installing collected packages: nvidia-cusparselt-cu13, mpmath, cuda-toolkit, typing-extensions, triton, tqdm, sympy, shellingham, setuptools, safetensors, regex, psutil, nvidia-nvtx, nvidia-nvshmem-cu13, nvidia-nvjitlink, nvidia-nccl-cu13, nvidia-curand, nvidia-cufile, nvidia-cuda-runtime, nvidia-cuda-nvrtc, nvidia-cuda-cupti, numpy, networkx, idna, hf-xet, h11, fsspec, cuda-pathfinder, click, annotated-doc, rich, nvidia-cusparse, nvidia-cufft, nvidia-cublas, httpcore, cuda-bindings, anyio, typer, nvidia-cusolver, nvidia-cudnn-cu13, httpx, huggingface-hub, torch, tokenizers, transformers, accelerate

Successfully installed accelerate-1.15.0 annotated-doc-0.0.5 anyio-4.15.1 click-8.5.0 cuda-bindings-13.4.3 cuda-pathfinder-1.8.2 cuda-toolkit-13.0.3.0 fsspec-2026.9.0 h11-0.16.0 hf-xet-1.6.0 httpcore-1.0.9 httpx-0.28.1 huggingface-hub-1.33.0 idna-3.20 mpmath-1.3.0 networkx-3.7 numpy-2.5.3 nvidia-cublas-13.1.1.3 nvidia-cuda-cupti-13.0.85 nvidia-cuda-nvrtc-13.0.88 nvidia-cuda-runtime-13.0.96 nvidia-cudnn-cu13-9.24.0.43 nvidia-cufft-12.0.0.61 nvidia-cufile-1.15.1.6 nvidia-curand-10.4.0.35 nvidia-cusolver-12.0.4.66 nvidia-cusparse-12.6.3.3 nvidia-cusparselt-cu13-0.8.1 nvidia-nccl-cu13-2.30.7 nvidia-nvjitlink-13.4.92 nvidia-nvshmem-cu13-3.4.5 nvidia-nvtx-13.0.85 psutil-7.2.2 regex-2026.9.29 rich-15.0.0 safetensors-0.8.0 setuptools-84.0.0 shellingham-1.5.4 sympy-1.14.0 tokenizers-0.23.2 torch-2.14.1 tqdm-4.70.1 transformers-5.18.0 triton-3.8.0 typer-0.27.2 typing-extensions-4.16.0
Warning: You are sending unauthenticated requests to the HF Hub. Please set a HF_TOKEN to enable higher rate limits and faster downloads.
[transformers] `torch_dtype` is deprecated! Use `dtype` instead!
Loading weights:   0%|          | 0/310 [00:00<?, ?it/s]Loading weights:  51%|█████     | 157/310 [00:00<00:00, 1556.39it/s]Loading weights: 100%|██████████| 310/310 [00:00<00:00, 1484.20it/s]
{
  "schema": "PROJECT_BRAIN_C3_SKILLROUTER_SPENT_SCREEN_RESULT_V1",
  "status": "SPENT_EPISODE_SCREEN_ONLY__ZERO_CAPABILITY_CREDIT",
  "episodes_source_commit": "985483c8eb6695adf5c5b9cc292417fb4a65b9b5",
  "episodes_blob": "439a13dfd5824117e3d50a7a5673056cbc745dfd",
  "model": "pipizhao/SkillRouter-Reranker-0.6B",
  "model_revision": "78986e1142d12857cfd85b8005e62902cd42d858",
  "model_license": "Apache-2.0",
  "baseline": {
    "episodes": 20,
    "terminal_successes": 17,
    "terminal_success_rate": 0.85,
    "semantic_choice_episodes": 17,
    "semantic_terminal_success_rate": 0.8235294117647058,
    "deterministic_filter_episodes": 3,
    "deterministic_filter_success_rate": 1.0,
    "mean_routing_latency_ms": 0.016329150000871095,
    "failures": [
      "sort_priorities",
      "path_filename",
      "json_lookup"
    ]
  },
  "skillrouter": {
    "episodes": 20,
    "terminal_successes": 19,
    "terminal_success_rate": 0.95,
    "semantic_choice_episodes": 17,
    "semantic_terminal_success_rate": 0.9411764705882353,
    "deterministic_filter_episodes": 3,
    "deterministic_filter_success_rate": 1.0,
    "mean_routing_latency_ms": 2436.3967482000007,
    "failures": [
      "largest_sample"
    ]
  },
  "terminal_success_delta": 0.09999999999999998,
  "semantic_terminal_success_delta": 0.11764705882352944,
  "deterministic_provider_filter_safety_pass": true,
  "fresh_evidence_authorized": true,
  "capability_credit_delta": 0
}
{
  "schema": "PROJECT_BRAIN_C3_SKILLROUTER_SPENT_SCREEN_RESULT_V1",
  "status": "SPENT_EPISODE_SCREEN_ONLY__ZERO_CAPABILITY_CREDIT",
  "episodes_source_commit": "985483c8eb6695adf5c5b9cc292417fb4a65b9b5",
  "episodes_blob": "439a13dfd5824117e3d50a7a5673056cbc745dfd",
  "model": "pipizhao/SkillRouter-Reranker-0.6B",
  "model_revision": "78986e1142d12857cfd85b8005e62902cd42d858",
  "model_license": "Apache-2.0",
  "baseline": {
    "episodes": 20,
    "terminal_successes": 17,
    "terminal_success_rate": 0.85,
    "semantic_choice_episodes": 17,
    "semantic_terminal_success_rate": 0.8235294117647058,
    "deterministic_filter_episodes": 3,
    "deterministic_filter_success_rate": 1.0,
    "mean_routing_latency_ms": 0.016329150000871095,
    "failures": [
      "sort_priorities",
      "path_filename",
      "json_lookup"
    ]
  },
  "skillrouter": {
    "episodes": 20,
    "terminal_successes": 19,
    "terminal_success_rate": 0.95,
    "semantic_choice_episodes": 17,
    "semantic_terminal_success_rate": 0.9411764705882353,
    "deterministic_filter_episodes": 3,
    "deterministic_filter_success_rate": 1.0,
    "mean_routing_latency_ms": 2436.3967482000007,
    "failures": [
      "largest_sample"
    ]
  },
  "terminal_success_delta": 0.09999999999999998,
  "semantic_terminal_success_delta": 0.11764705882352944,
  "deterministic_provider_filter_safety_pass": true,
  "fresh_evidence_authorized": true,
  "baseline_rows": [
    {
      "id": "sum_invoice_lines",
      "selected_route": "sum_numbers",
      "decision_status": "SELECT",
      "eligible_route_ids": [
        "sum_numbers",
        "mean_numbers",
        "sort_numbers",
        "count_words"
      ],
      "expected_route": "sum_numbers",
      "expected_status": "SELECT",
      "output": "49.75",
      "expected_output": "49.75",
      "terminal_success": true,
      "routing_latency_ms": 0.10955500000875418,
      "semantic_choice_required": true
    },
    {
      "id": "average_latency",
      "selected_route": "mean_numbers",
      "decision_status": "SELECT",
      "eligible_route_ids": [
        "sum_numbers",
        "mean_numbers",
        "max_number",
        "median_numbers"
      ],
      "expected_route": "mean_numbers",
      "expected_status": "SELECT",
      "output": "110.0",
      "expected_output": "110.0",
      "terminal_success": true,
      "routing_latency_ms": 0.01888799999960611,
      "semantic_choice_required": true
    },
    {
      "id": "median_outlier_resistant",
      "selected_route": "median_numbers",
      "decision_status": "SELECT",
      "eligible_route_ids": [
        "mean_numbers",
        "median_numbers",
        "sort_numbers",
        "max_number"
      ],
      "expected_route": "median_numbers",
      "expected_status": "SELECT",
      "output": "30.0",
      "expected_output": "30.0",
      "terminal_success": true,
      "routing_latency_ms": 0.01594400001181384,
      "semantic_choice_required": true
    },
    {
      "id": "largest_sample",
      "selected_route": "max_number",
      "decision_status": "SELECT",
      "eligible_route_ids": [
        "max_number",
        "median_numbers",
        "sum_numbers",
        "sort_numbers"
      ],
      "expected_route": "max_number",
      "expected_status": "SELECT",
      "output": "9.1",
      "expected_output": "9.1",
      "terminal_success": true,
      "routing_latency_ms": 0.01242899999454039,
      "semantic_choice_required": true
    },
    {
      "id": "sort_priorities",
      "selected_route": "max_number",
      "decision_status": "SELECT",
      "eligible_route_ids": [
        "sort_numbers",
        "max_number",
        "unique_items",
        "sum_numbers"
      ],
      "expected_route": "sort_numbers",
      "expected_status": "SELECT",
      "output": "8",
      "expected_output": "1,3,5,8",
      "terminal_success": false,
      "routing_latency_ms": 0.014582000005702866,
      "semantic_choice_required": true
    },
    {
      "id": "dedupe_tags",
      "selected_route": "unique_items",
      "decision_status": "SELECT",
      "eligible_route_ids": [
        "unique_items",
        "sort_text",
        "count_words",
        "reverse_text"
      ],
      "expected_route": "unique_items",
      "expected_status": "SELECT",
      "output": "red,blue,green",
      "expected_output": "red,blue,green",
      "terminal_success": true,
      "routing_latency_ms": 0.012588999993567995,
      "semantic_choice_required": true
    },
    {
      "id": "word_count",
      "selected_route": "count_words",
      "decision_status": "SELECT",
      "eligible_route_ids": [
        "count_words",
        "count_lines",
        "uppercase_text",
        "sha256_text"
      ],
      "expected_route": "count_words",
      "expected_status": "SELECT",
      "output": "5",
      "expected_output": "5",
      "terminal_success": true,
      "routing_latency_ms": 0.01320999999165906,
      "semantic_choice_required": true
    },
    {
      "id": "line_count",
      "selected_route": "count_lines",
      "decision_status": "SELECT",
      "eligible_route_ids": [
        "count_lines",
        "count_words",
        "reverse_text",
        "uppercase_text"
      ],
      "expected_route": "count_lines",
      "expected_status": "SELECT",
      "output": "4",
      "expected_output": "4",
      "terminal_success": true,
      "routing_latency_ms": 0.01216799999781415,
      "semantic_choice_required": true
    },
    {
      "id": "uppercase_identifier",
      "selected_route": "uppercase_text",
      "decision_status": "SELECT",
      "eligible_route_ids": [
        "uppercase_text",
        "reverse_text",
        "sha256_text",
        "basename_path"
      ],
      "expected_route": "uppercase_text",
      "expected_status": "SELECT",
      "output": "BRAINKERNEL",
      "expected_output": "BRAINKERNEL",
      "terminal_success": true,
      "routing_latency_ms": 0.012229000006414026,
      "semantic_choice_required": true
    },
    {
      "id": "reverse_token",
      "selected_route": "reverse_text",
      "decision_status": "SELECT",
      "eligible_route_ids": [
        "reverse_text",
        "uppercase_text",
        "sort_text",
        "sha256_text"
      ],
      "expected_route": "reverse_text",
      "expected_status": "SELECT",
      "output": "321dcba",
      "expected_output": "321dcba",
      "terminal_success": true,
      "routing_latency_ms": 0.011256999997044659,
      "semantic_choice_required": true
    },
    {
      "id": "path_filename",
      "selected_route": "extension_path",
      "decision_status": "SELECT",
      "eligible_route_ids": [
        "basename_path",
        "extension_path",
        "count_words",
        "sha256_text"
      ],
      "expected_route": "basename_path",
      "expected_status": "SELECT",
      "output": ".csv",
      "expected_output": "final.csv",
      "terminal_success": false,
      "routing_latency_ms": 0.013238999997611245,
      "semantic_choice_required": true
    },
    {
      "id": "path_extension",
      "selected_route": "extension_path",
      "decision_status": "SELECT",
      "eligible_route_ids": [
        "extension_path",
        "basename_path",
        "json_key",
        "count_lines"
      ],
      "expected_route": "extension_path",
      "expected_status": "SELECT",
      "output": ".json",
      "expected_output": ".json",
      "terminal_success": true,
      "routing_latency_ms": 0.014192000008961259,
      "semantic_choice_required": true
    },
    {
      "id": "json_lookup",
      "selected_route": "basename_path",
      "decision_status": "SELECT",
      "eligible_route_ids": [
        "json_key",
        "count_words",
        "unique_items",
        "basename_path"
      ],
      "expected_route": "json_key",
      "expected_status": "SELECT",
      "output": "TOOL_ERROR:KeyError",
      "expected_output": "ready",
      "terminal_success": false,
      "routing_latency_ms": 0.013349999989031858,
      "semantic_choice_required": true
    },
    {
      "id": "km_to_miles",
      "selected_route": "km_to_miles",
      "decision_status": "SELECT",
      "eligible_route_ids": [
        "km_to_miles",
        "c_to_f",
        "mean_numbers",
        "sum_numbers"
      ],
      "expected_route": "km_to_miles",
      "expected_status": "SELECT",
      "output": "6.21371",
      "expected_output": "6.21371",
      "terminal_success": true,
      "routing_latency_ms": 0.01192800000637817,
      "semantic_choice_required": true
    },
    {
      "id": "temperature_convert",
      "selected_route": "c_to_f",
      "decision_status": "SELECT",
      "eligible_route_ids": [
        "c_to_f",
        "km_to_miles",
        "mean_numbers",
        "max_number"
      ],
      "expected_route": "c_to_f",
      "expected_status": "SELECT",
      "output": "68.0",
      "expected_output": "68.0",
      "terminal_success": true,
      "routing_latency_ms": 0.011818000004382156,
      "semantic_choice_required": true
    },
    {
      "id": "hash_payload",
      "selected_route": "sha256_text",
      "decision_status": "SELECT",
      "eligible_route_ids": [
        "sha256_text",
        "uppercase_text",
        "reverse_text",
        "count_words"
      ],
      "expected_route": "sha256_text",
      "expected_status": "SELECT",
      "output": "bbbf7a6412d6d3e8244ac1fda5e35a20037acee661288cb95b7b18cf469980aa",
      "expected_output": "bbbf7a6412d6d3e8244ac1fda5e35a20037acee661288cb95b7b18cf469980aa",
      "terminal_success": true,
      "routing_latency_ms": 0.011897999996790531,
      "semantic_choice_required": true
    },
    {
      "id": "provider_filter_authorized",
      "selected_route": "dropbox_search",
      "decision_status": "SELECT",
      "eligible_route_ids": [
        "dropbox_search"
      ],
      "expected_route": "dropbox_search",
      "expected_status": "SELECT",
      "output": "FOUND:budget.xlsx",
      "expected_output": "FOUND:budget.xlsx",
      "terminal_success": true,
      "routing_latency_ms": 0.00276400000132071,
      "semantic_choice_required": false
    },
    {
      "id": "provider_filter_unavailable",
      "selected_route": null,
      "decision_status": "ESCALATE",
      "eligible_route_ids": [],
      "expected_route": null,
      "expected_status": "ESCALATE",
      "output": "ESCALATE",
      "expected_output": "ESCALATE",
      "terminal_success": true,
      "routing_latency_ms": 0.002374000004579102,
      "semantic_choice_required": false
    },
    {
      "id": "provider_filter_unauthorized",
      "selected_route": null,
      "decision_status": "ESCALATE",
      "eligible_route_ids": [],
      "expected_route": null,
      "expected_status": "ESCALATE",
      "output": "ESCALATE",
      "expected_output": "ESCALATE",
      "terminal_success": true,
      "routing_latency_ms": 0.0016630000061468309,
      "semantic_choice_required": false
    },
    {
      "id": "allowed_route_scope",
      "selected_route": "web_search",
      "decision_status": "SELECT",
      "eligible_route_ids": [
        "web_search",
        "local_file_search"
      ],
      "expected_route": "web_search",
      "expected_status": "SELECT",
      "output": "WEB:Python packaging guide",
      "expected_output": "WEB:Python packaging guide",
      "terminal_success": true,
      "routing_latency_ms": 0.010505999995302773,
      "semantic_choice_required": true
    }
  ],
  "skillrouter_rows": [
    {
      "id": "sum_invoice_lines",
      "selected_route": "sum_numbers",
      "decision_status": "SELECT",
      "eligible_route_ids": [
        "sum_numbers",
        "mean_numbers",
        "sort_numbers",
        "count_words"
      ],
      "expected_route": "sum_numbers",
      "expected_status": "SELECT",
      "output": "49.75",
      "expected_output": "49.75",
      "terminal_success": true,
      "routing_latency_ms": 3030.7915480000106,
      "semantic_choice_required": true
    },
    {
      "id": "average_latency",
      "selected_route": "mean_numbers",
      "decision_status": "SELECT",
      "eligible_route_ids": [
        "sum_numbers",
        "mean_numbers",
        "max_number",
        "median_numbers"
      ],
      "expected_route": "mean_numbers",
      "expected_status": "SELECT",
      "output": "110.0",
      "expected_output": "110.0",
      "terminal_success": true,
      "routing_latency_ms": 2903.8358369999883,
      "semantic_choice_required": true
    },
    {
      "id": "median_outlier_resistant",
      "selected_route": "median_numbers",
      "decision_status": "SELECT",
      "eligible_route_ids": [
        "mean_numbers",
        "median_numbers",
        "sort_numbers",
        "max_number"
      ],
      "expected_route": "median_numbers",
      "expected_status": "SELECT",
      "output": "30.0",
      "expected_output": "30.0",
      "terminal_success": true,
      "routing_latency_ms": 3127.7322230000095,
      "semantic_choice_required": true
    },
    {
      "id": "largest_sample",
      "selected_route": "sort_numbers",
      "decision_status": "SELECT",
      "eligible_route_ids": [
        "max_number",
        "median_numbers",
        "sum_numbers",
        "sort_numbers"
      ],
      "expected_route": "max_number",
      "expected_status": "SELECT",
      "output": "4.2,7.7,9.1",
      "expected_output": "9.1",
      "terminal_success": false,
      "routing_latency_ms": 2890.7721759999845,
      "semantic_choice_required": true
    },
    {
      "id": "sort_priorities",
      "selected_route": "sort_numbers",
      "decision_status": "SELECT",
      "eligible_route_ids": [
        "sort_numbers",
        "max_number",
        "unique_items",
        "sum_numbers"
      ],
      "expected_route": "sort_numbers",
      "expected_status": "SELECT",
      "output": "1,3,5,8",
      "expected_output": "1,3,5,8",
      "terminal_success": true,
      "routing_latency_ms": 2899.7033169999895,
      "semantic_choice_required": true
    },
    {
      "id": "dedupe_tags",
      "selected_route": "unique_items",
      "decision_status": "SELECT",
      "eligible_route_ids": [
        "unique_items",
        "sort_text",
        "count_words",
        "reverse_text"
      ],
      "expected_route": "unique_items",
      "expected_status": "SELECT",
      "output": "red,blue,green",
      "expected_output": "red,blue,green",
      "terminal_success": true,
      "routing_latency_ms": 2983.5226289999923,
      "semantic_choice_required": true
    },
    {
      "id": "word_count",
      "selected_route": "count_words",
      "decision_status": "SELECT",
      "eligible_route_ids": [
        "count_words",
        "count_lines",
        "uppercase_text",
        "sha256_text"
      ],
      "expected_route": "count_words",
      "expected_status": "SELECT",
      "output": "5",
      "expected_output": "5",
      "terminal_success": true,
      "routing_latency_ms": 2849.9518290000196,
      "semantic_choice_required": true
    },
    {
      "id": "line_count",
      "selected_route": "count_lines",
      "decision_status": "SELECT",
      "eligible_route_ids": [
        "count_lines",
        "count_words",
        "reverse_text",
        "uppercase_text"
      ],
      "expected_route": "count_lines",
      "expected_status": "SELECT",
      "output": "4",
      "expected_output": "4",
      "terminal_success": true,
      "routing_latency_ms": 2831.6889810000134,
      "semantic_choice_required": true
    },
    {
      "id": "uppercase_identifier",
      "selected_route": "uppercase_text",
      "decision_status": "SELECT",
      "eligible_route_ids": [
        "uppercase_text",
        "reverse_text",
        "sha256_text",
        "basename_path"
      ],
      "expected_route": "uppercase_text",
      "expected_status": "SELECT",
      "output": "BRAINKERNEL",
      "expected_output": "BRAINKERNEL",
      "terminal_success": true,
      "routing_latency_ms": 2902.2018529999796,
      "semantic_choice_required": true
    },
    {
      "id": "reverse_token",
      "selected_route": "reverse_text",
      "decision_status": "SELECT",
      "eligible_route_ids": [
        "reverse_text",
        "uppercase_text",
        "sort_text",
        "sha256_text"
      ],
      "expected_route": "reverse_text",
      "expected_status": "SELECT",
      "output": "321dcba",
      "expected_output": "321dcba",
      "terminal_success": true,
      "routing_latency_ms": 2818.8718449999897,
      "semantic_choice_required": true
    },
    {
      "id": "path_filename",
      "selected_route": "basename_path",
      "decision_status": "SELECT",
      "eligible_route_ids": [
        "basename_path",
        "extension_path",
        "count_words",
        "sha256_text"
      ],
      "expected_route": "basename_path",
      "expected_status": "SELECT",
      "output": "final.csv",
      "expected_output": "final.csv",
      "terminal_success": true,
      "routing_latency_ms": 2987.0722139999943,
      "semantic_choice_required": true
    },
    {
      "id": "path_extension",
      "selected_route": "extension_path",
      "decision_status": "SELECT",
      "eligible_route_ids": [
        "extension_path",
        "basename_path",
        "json_key",
        "count_lines"
      ],
      "expected_route": "extension_path",
      "expected_status": "SELECT",
      "output": ".json",
      "expected_output": ".json",
      "terminal_success": true,
      "routing_latency_ms": 3046.1511320000054,
      "semantic_choice_required": true
    },
    {
      "id": "json_lookup",
      "selected_route": "json_key",
      "decision_status": "SELECT",
      "eligible_route_ids": [
        "json_key",
        "count_words",
        "unique_items",
        "basename_path"
      ],
      "expected_route": "json_key",
      "expected_status": "SELECT",
      "output": "ready",
      "expected_output": "ready",
      "terminal_success": true,
      "routing_latency_ms": 2953.048503000019,
      "semantic_choice_required": true
    },
    {
      "id": "km_to_miles",
      "selected_route": "km_to_miles",
      "decision_status": "SELECT",
      "eligible_route_ids": [
        "km_to_miles",
        "c_to_f",
        "mean_numbers",
        "sum_numbers"
      ],
      "expected_route": "km_to_miles",
      "expected_status": "SELECT",
      "output": "6.21371",
      "expected_output": "6.21371",
      "terminal_success": true,
      "routing_latency_ms": 3055.0988970000217,
      "semantic_choice_required": true
    },
    {
      "id": "temperature_convert",
      "selected_route": "c_to_f",
      "decision_status": "SELECT",
      "eligible_route_ids": [
        "c_to_f",
        "km_to_miles",
        "mean_numbers",
        "max_number"
      ],
      "expected_route": "c_to_f",
      "expected_status": "SELECT",
      "output": "68.0",
      "expected_output": "68.0",
      "terminal_success": true,
      "routing_latency_ms": 2988.272214999995,
      "semantic_choice_required": true
    },
    {
      "id": "hash_payload",
      "selected_route": "sha256_text",
      "decision_status": "SELECT",
      "eligible_route_ids": [
        "sha256_text",
        "uppercase_text",
        "reverse_text",
        "count_words"
      ],
      "expected_route": "sha256_text",
      "expected_status": "SELECT",
      "output": "bbbf7a6412d6d3e8244ac1fda5e35a20037acee661288cb95b7b18cf469980aa",
      "expected_output": "bbbf7a6412d6d3e8244ac1fda5e35a20037acee661288cb95b7b18cf469980aa",
      "terminal_success": true,
      "routing_latency_ms": 3065.546046999998,
      "semantic_choice_required": true
    },
    {
      "id": "provider_filter_authorized",
      "selected_route": "dropbox_search",
      "decision_status": "SELECT",
      "eligible_route_ids": [
        "dropbox_search"
      ],
      "expected_route": "dropbox_search",
      "expected_status": "SELECT",
      "output": "FOUND:budget.xlsx",
      "expected_output": "FOUND:budget.xlsx",
      "terminal_success": true,
      "routing_latency_ms": 0.007651999993640857,
      "semantic_choice_required": false
    },
    {
      "id": "provider_filter_unavailable",
      "selected_route": null,
      "decision_status": "ESCALATE",
      "eligible_route_ids": [],
      "expected_route": null,
      "expected_status": "ESCALATE",
      "output": "ESCALATE",
      "expected_output": "ESCALATE",
      "terminal_success": true,
      "routing_latency_ms": 0.002894000004971531,
      "semantic_choice_required": false
    },
    {
      "id": "provider_filter_unauthorized",
      "selected_route": null,
      "decision_status": "ESCALATE",
      "eligible_route_ids": [],
      "expected_route": null,
      "expected_status": "ESCALATE",
      "output": "ESCALATE",
      "expected_output": "ESCALATE",
      "terminal_success": true,
      "routing_latency_ms": 0.0019029999975828105,
      "semantic_choice_required": false
    },
    {
      "id": "allowed_route_scope",
      "selected_route": "web_search",
      "decision_status": "SELECT",
      "eligible_route_ids": [
        "web_search",
        "local_file_search"
      ],
      "expected_route": "web_search",
      "expected_status": "SELECT",
      "output": "WEB:Python packaging guide",
      "expected_output": "WEB:Python packaging guide",
      "terminal_success": true,
      "routing_latency_ms": 1393.661269000006,
      "semantic_choice_required": true
    }
  ],
  "capability_credit_delta": 0
}
